Archive member included to satisfy reference by file (symbol)

c:/st/stm32cubeide_1.9.0/stm32cubeide/plugins/com.st.stm32cube.ide.mcu.externaltools.gnu-tools-for-stm32.10.3-2021.10.win32_1.0.0.202111181127/tools/bin/../lib/gcc/arm-none-eabi/10.3.1/../../../../arm-none-eabi/lib/thumb/v7e-m+fp/hard\libc_nano.a(lib_a-errno.o)
                              ./Core/Src/syscalls.o (__errno)
c:/st/stm32cubeide_1.9.0/stm32cubeide/plugins/com.st.stm32cube.ide.mcu.externaltools.gnu-tools-for-stm32.10.3-2021.10.win32_1.0.0.202111181127/tools/bin/../lib/gcc/arm-none-eabi/10.3.1/../../../../arm-none-eabi/lib/thumb/v7e-m+fp/hard\libc_nano.a(lib_a-exit.o)
                              c:/st/stm32cubeide_1.9.0/stm32cubeide/plugins/com.st.stm32cube.ide.mcu.externaltools.gnu-tools-for-stm32.10.3-2021.10.win32_1.0.0.202111181127/tools/bin/../lib/gcc/arm-none-eabi/10.3.1/../../../../arm-none-eabi/lib/thumb/v7e-m+fp/hard/crt0.o (exit)
c:/st/stm32cubeide_1.9.0/stm32cubeide/plugins/com.st.stm32cube.ide.mcu.externaltools.gnu-tools-for-stm32.10.3-2021.10.win32_1.0.0.202111181127/tools/bin/../lib/gcc/arm-none-eabi/10.3.1/../../../../arm-none-eabi/lib/thumb/v7e-m+fp/hard\libc_nano.a(lib_a-impure.o)
                              c:/st/stm32cubeide_1.9.0/stm32cubeide/plugins/com.st.stm32cube.ide.mcu.externaltools.gnu-tools-for-stm32.10.3-2021.10.win32_1.0.0.202111181127/tools/bin/../lib/gcc/arm-none-eabi/10.3.1/../../../../arm-none-eabi/lib/thumb/v7e-m+fp/hard\libc_nano.a(lib_a-exit.o) (_global_impure_ptr)
c:/st/stm32cubeide_1.9.0/stm32cubeide/plugins/com.st.stm32cube.ide.mcu.externaltools.gnu-tools-for-stm32.10.3-2021.10.win32_1.0.0.202111181127/tools/bin/../lib/gcc/arm-none-eabi/10.3.1/../../../../arm-none-eabi/lib/thumb/v7e-m+fp/hard\libc_nano.a(lib_a-init.o)
                              c:/st/stm32cubeide_1.9.0/stm32cubeide/plugins/com.st.stm32cube.ide.mcu.externaltools.gnu-tools-for-stm32.10.3-2021.10.win32_1.0.0.202111181127/tools/bin/../lib/gcc/arm-none-eabi/10.3.1/../../../../arm-none-eabi/lib/thumb/v7e-m+fp/hard/crt0.o (__libc_init_array)
c:/st/stm32cubeide_1.9.0/stm32cubeide/plugins/com.st.stm32cube.ide.mcu.externaltools.gnu-tools-for-stm32.10.3-2021.10.win32_1.0.0.202111181127/tools/bin/../lib/gcc/arm-none-eabi/10.3.1/../../../../arm-none-eabi/lib/thumb/v7e-m+fp/hard\libc_nano.a(lib_a-memset.o)
                              c:/st/stm32cubeide_1.9.0/stm32cubeide/plugins/com.st.stm32cube.ide.mcu.externaltools.gnu-tools-for-stm32.10.3-2021.10.win32_1.0.0.202111181127/tools/bin/../lib/gcc/arm-none-eabi/10.3.1/../../../../arm-none-eabi/lib/thumb/v7e-m+fp/hard/crt0.o (memset)
c:/st/stm32cubeide_1.9.0/stm32cubeide/plugins/com.st.stm32cube.ide.mcu.externaltools.gnu-tools-for-stm32.10.3-2021.10.win32_1.0.0.202111181127/tools/bin/../lib/gcc/arm-none-eabi/10.3.1/thumb/v7e-m+fp/hard\libgcc.a(_aeabi_uldivmod.o)
                              ./Drivers/STM32F4xx_HAL_Driver/Src/stm32f4xx_hal_rcc.o (__aeabi_uldivmod)
c:/st/stm32cubeide_1.9.0/stm32cubeide/plugins/com.st.stm32cube.ide.mcu.externaltools.gnu-tools-for-stm32.10.3-2021.10.win32_1.0.0.202111181127/tools/bin/../lib/gcc/arm-none-eabi/10.3.1/thumb/v7e-m+fp/hard\libgcc.a(_udivmoddi4.o)
                              c:/st/stm32cubeide_1.9.0/stm32cubeide/plugins/com.st.stm32cube.ide.mcu.externaltools.gnu-tools-for-stm32.10.3-2021.10.win32_1.0.0.202111181127/tools/bin/../lib/gcc/arm-none-eabi/10.3.1/thumb/v7e-m+fp/hard\libgcc.a(_aeabi_uldivmod.o) (__udivmoddi4)
c:/st/stm32cubeide_1.9.0/stm32cubeide/plugins/com.st.stm32cube.ide.mcu.externaltools.gnu-tools-for-stm32.10.3-2021.10.win32_1.0.0.202111181127/tools/bin/../lib/gcc/arm-none-eabi/10.3.1/thumb/v7e-m+fp/hard\libgcc.a(_dvmd_tls.o)
                              c:/st/stm32cubeide_1.9.0/stm32cubeide/plugins/com.st.stm32cube.ide.mcu.externaltools.gnu-tools-for-stm32.10.3-2021.10.win32_1.0.0.202111181127/tools/bin/../lib/gcc/arm-none-eabi/10.3.1/thumb/v7e-m+fp/hard\libgcc.a(_aeabi_uldivmod.o) (__aeabi_ldiv0)

Discarded input sections

 .text          0x0000000000000000        0x0 c:/st/stm32cubeide_1.9.0/stm32cubeide/plugins/com.st.stm32cube.ide.mcu.externaltools.gnu-tools-for-stm32.10.3-2021.10.win32_1.0.0.202111181127/tools/bin/../lib/gcc/arm-none-eabi/10.3.1/thumb/v7e-m+fp/hard/crti.o
 .data          0x0000000000000000        0x0 c:/st/stm32cubeide_1.9.0/stm32cubeide/plugins/com.st.stm32cube.ide.mcu.externaltools.gnu-tools-for-stm32.10.3-2021.10.win32_1.0.0.202111181127/tools/bin/../lib/gcc/arm-none-eabi/10.3.1/thumb/v7e-m+fp/hard/crti.o
 .bss           0x0000000000000000        0x0 c:/st/stm32cubeide_1.9.0/stm32cubeide/plugins/com.st.stm32cube.ide.mcu.externaltools.gnu-tools-for-stm32.10.3-2021.10.win32_1.0.0.202111181127/tools/bin/../lib/gcc/arm-none-eabi/10.3.1/thumb/v7e-m+fp/hard/crti.o
[...]
Memory Configuration

Name             Origin             Length             Attributes
CCMRAM           0x0000000010000000 0x0000000000010000 xrw
RAM              0x0000000020000000 0x0000000000030000 xrw
FLASH            0x0000000008000000 0x0000000000200000 xr
*default*        0x0000000000000000 0xffffffffffffffff

Linker script and memory map

LOAD c:/st/stm32cubeide_1.9.0/stm32cubeide/plugins/com.st.stm32cube.ide.mcu.externaltools.gnu-tools-for-stm32.10.3-2021.10.win32_1.0.0.202111181127/tools/bin/../lib/gcc/arm-none-eabi/10.3.1/thumb/v7e-m+fp/hard/crti.o
LOAD c:/st/stm32cubeide_1.9.0/stm32cubeide/plugins/com.st.stm32cube.ide.mcu.externaltools.gnu-tools-for-stm32.10.3-2021.10.win32_1.0.0.202111181127/tools/bin/../lib/gcc/arm-none-eabi/10.3.1/thumb/v7e-m+fp/hard/crtbegin.o
LOAD c:/st/stm32cubeide_1.9.0/stm32cubeide/plugins/com.st.stm32cube.ide.mcu.externaltools.gnu-tools-for-stm32.10.3-2021.10.win32_1.0.0.202111181127/tools/bin/../lib/gcc/arm-none-eabi/10.3.1/../../../../arm-none-eabi/lib/thumb/v7e-m+fp/hard/crt0.o
LOAD ./Core/Inc/stm32f429i_discovery.o
LOAD ./Core/Inc/stm32f429i_discovery_lcd.o
LOAD ./Core/Inc/stm32f429i_discovery_sdram.o
LOAD ./Core/Src/main.o
LOAD ./Core/Src/stm32f4xx_hal_msp.o
LOAD ./Core/Src/stm32f4xx_it.o
LOAD ./Core/Src/syscalls.o
LOAD ./Core/Src/sysmem.o
LOAD ./Core/Src/system_stm32f4xx.o
LOAD ./Core/Startup/startup_stm32f429zitx.o
LOAD ./Drivers/STM32F4xx_HAL_Driver/Src/stm32f4xx_hal.o
LOAD ./Drivers/STM32F4xx_HAL_Driver/Src/stm32f4xx_hal_cortex.o
LOAD ./Drivers/STM32F4xx_HAL_Driver/Src/stm32f4xx_hal_dma.o
LOAD ./Drivers/STM32F4xx_HAL_Driver/Src/stm32f4xx_hal_dma2d.o
LOAD ./Drivers/STM32F4xx_HAL_Driver/Src/stm32f4xx_hal_dma_ex.o
LOAD ./Drivers/STM32F4xx_HAL_Driver/Src/stm32f4xx_hal_dsi.o
LOAD ./Drivers/STM32F4xx_HAL_Driver/Src/stm32f4xx_hal_exti.o
LOAD ./Drivers/STM32F4xx_HAL_Driver/Src/stm32f4xx_hal_flash.o
LOAD ./Drivers/STM32F4xx_HAL_Driver/Src/stm32f4xx_hal_flash_ex.o
LOAD ./Drivers/STM32F4xx_HAL_Driver/Src/stm32f4xx_hal_flash_ramfunc.o
LOAD ./Drivers/STM32F4xx_HAL_Driver/Src/stm32f4xx_hal_gpio.o
LOAD ./Drivers/STM32F4xx_HAL_Driver/Src/stm32f4xx_hal_i2c.o
LOAD ./Drivers/STM32F4xx_HAL_Driver/Src/stm32f4xx_hal_i2c_ex.o
LOAD ./Drivers/STM32F4xx_HAL_Driver/Src/stm32f4xx_hal_ltdc.o
LOAD ./Drivers/STM32F4xx_HAL_Driver/Src/stm32f4xx_hal_ltdc_ex.o
LOAD ./Drivers/STM32F4xx_HAL_Driver/Src/stm32f4xx_hal_pwr.o
LOAD ./Drivers/STM32F4xx_HAL_Driver/Src/stm32f4xx_hal_pwr_ex.o
LOAD ./Drivers/STM32F4xx_HAL_Driver/Src/stm32f4xx_hal_rcc.o
LOAD ./Drivers/STM32F4xx_HAL_Driver/Src/stm32f4xx_hal_rcc_ex.o
LOAD ./Drivers/STM32F4xx_HAL_Driver/Src/stm32f4xx_hal_sdram.o
LOAD ./Drivers/STM32F4xx_HAL_Driver/Src/stm32f4xx_hal_spi.o
LOAD ./Drivers/STM32F4xx_HAL_Driver/Src/stm32f4xx_hal_tim.o
LOAD ./Drivers/STM32F4xx_HAL_Driver/Src/stm32f4xx_hal_tim_ex.o
LOAD ./Drivers/STM32F4xx_HAL_Driver/Src/stm32f4xx_hal_uart.o
LOAD ./Drivers/STM32F4xx_HAL_Driver/Src/stm32f4xx_ll_fmc.o
START GROUP
LOAD c:/st/stm32cubeide_1.9.0/stm32cubeide/plugins/com.st.stm32cube.ide.mcu.externaltools.gnu-tools-for-stm32.10.3-2021.10.win32_1.0.0.202111181127/tools/bin/../lib/gcc/arm-none-eabi/10.3.1/../../../../arm-none-eabi/lib/thumb/v7e-m+fp/hard\libc_nano.a
LOAD c:/st/stm32cubeide_1.9.0/stm32cubeide/plugins/com.st.stm32cube.ide.mcu.externaltools.gnu-tools-for-stm32.10.3-2021.10.win32_1.0.0.202111181127/tools/bin/../lib/gcc/arm-none-eabi/10.3.1/../../../../arm-none-eabi/lib/thumb/v7e-m+fp/hard\libm.a
END GROUP
START GROUP
LOAD c:/st/stm32cubeide_1.9.0/stm32cubeide/plugins/com.st.stm32cube.ide.mcu.externaltools.gnu-tools-for-stm32.10.3-2021.10.win32_1.0.0.202111181127/tools/bin/../lib/gcc/arm-none-eabi/10.3.1/thumb/v7e-m+fp/hard\libgcc.a
LOAD c:/st/stm32cubeide_1.9.0/stm32cubeide/plugins/com.st.stm32cube.ide.mcu.externaltools.gnu-tools-for-stm32.10.3-2021.10.win32_1.0.0.202111181127/tools/bin/../lib/gcc/arm-none-eabi/10.3.1/../../../../arm-none-eabi/lib/thumb/v7e-m+fp/hard\libc_nano.a
END GROUP
START GROUP
LOAD c:/st/stm32cubeide_1.9.0/stm32cubeide/plugins/com.st.stm32cube.ide.mcu.externaltools.gnu-tools-for-stm32.10.3-2021.10.win32_1.0.0.202111181127/tools/bin/../lib/gcc/arm-none-eabi/10.3.1/thumb/v7e-m+fp/hard\libgcc.a
LOAD c:/st/stm32cubeide_1.9.0/stm32cubeide/plugins/com.st.stm32cube.ide.mcu.externaltools.gnu-tools-for-stm32.10.3-2021.10.win32_1.0.0.202111181127/tools/bin/../lib/gcc/arm-none-eabi/10.3.1/../../../../arm-none-eabi/lib/thumb/v7e-m+fp/hard\libc_nano.a
LOAD c:/st/stm32cubeide_1.9.0/stm32cubeide/plugins/com.st.stm32cube.ide.mcu.externaltools.gnu-tools-for-stm32.10.3-2021.10.win32_1.0.0.202111181127/tools/bin/../lib/gcc/arm-none-eabi/10.3.1/../../../../arm-none-eabi/lib/thumb/v7e-m+fp/hard\libnosys.a
END GROUP
START GROUP
LOAD c:/st/stm32cubeide_1.9.0/stm32cubeide/plugins/com.st.stm32cube.ide.mcu.externaltools.gnu-tools-for-stm32.10.3-2021.10.win32_1.0.0.202111181127/tools/bin/../lib/gcc/arm-none-eabi/10.3.1/thumb/v7e-m+fp/hard\libgcc.a
LOAD c:/st/stm32cubeide_1.9.0/stm32cubeide/plugins/com.st.stm32cube.ide.mcu.externaltools.gnu-tools-for-stm32.10.3-2021.10.win32_1.0.0.202111181127/tools/bin/../lib/gcc/arm-none-eabi/10.3.1/../../../../arm-none-eabi/lib/thumb/v7e-m+fp/hard\libc_nano.a
LOAD c:/st/stm32cubeide_1.9.0/stm32cubeide/plugins/com.st.stm32cube.ide.mcu.externaltools.gnu-tools-for-stm32.10.3-2021.10.win32_1.0.0.202111181127/tools/bin/../lib/gcc/arm-none-eabi/10.3.1/../../../../arm-none-eabi/lib/thumb/v7e-m+fp/hard\libnosys.a
END GROUP
LOAD c:/st/stm32cubeide_1.9.0/stm32cubeide/plugins/com.st.stm32cube.ide.mcu.externaltools.gnu-tools-for-stm32.10.3-2021.10.win32_1.0.0.202111181127/tools/bin/../lib/gcc/arm-none-eabi/10.3.1/thumb/v7e-m+fp/hard/crtend.o
LOAD c:/st/stm32cubeide_1.9.0/stm32cubeide/plugins/com.st.stm32cube.ide.mcu.externaltools.gnu-tools-for-stm32.10.3-2021.10.win32_1.0.0.202111181127/tools/bin/../lib/gcc/arm-none-eabi/10.3.1/thumb/v7e-m+fp/hard/crtn.o
                0x0000000020030000                _estack = (ORIGIN (RAM) + LENGTH (RAM))
                0x0000000000000200                _Min_Heap_Size = 0x200
                0x0000000000000400                _Min_Stack_Size = 0x400

.isr_vector     0x0000000008000000      0x1ac
                0x0000000008000000                . = ALIGN (0x4)
 *(.isr_vector)
 .isr_vector    0x0000000008000000      0x1ac ./Core/Startup/startup_stm32f429zitx.o
                0x0000000008000000                g_pfnVectors
                0x00000000080001ac                . = ALIGN (0x4)

.text           0x00000000080001ac     0x6154
                0x00000000080001ac                . = ALIGN (0x4)
 *(.text)
 .text          0x00000000080001ac       0x40 c:/st/stm32cubeide_1.9.0/stm32cubeide/plugins/com.st.stm32cube.ide.mcu.externaltools.gnu-tools-for-stm32.10.3-2021.10.win32_1.0.0.202111181127/tools/bin/../lib/gcc/arm-none-eabi/10.3.1/thumb/v7e-m+fp/hard/crtbegin.o
 .text          0x00000000080001ec       0x30 c:/st/stm32cubeide_1.9.0/stm32cubeide/plugins/com.st.stm32cube.ide.mcu.externaltools.gnu-tools-for-stm32.10.3-2021.10.win32_1.0.0.202111181127/tools/bin/../lib/gcc/arm-none-eabi/10.3.1/thumb/v7e-m+fp/hard\libgcc.a(_aeabi_uldivmod.o)
                0x00000000080001ec                __aeabi_uldivmod
 .text          0x000000000800021c      0x2d0 c:/st/stm32cubeide_1.9.0/stm32cubeide/plugins/com.st.stm32cube.ide.mcu.externaltools.gnu-tools-for-stm32.10.3-2021.10.win32_1.0.0.202111181127/tools/bin/../lib/gcc/arm-none-eabi/10.3.1/thumb/v7e-m+fp/hard\libgcc.a(_udivmoddi4.o)
                0x000000000800021c                __udivmoddi4
 .text          0x00000000080004ec        0x4 c:/st/stm32cubeide_1.9.0/stm32cubeide/plugins/com.st.stm32cube.ide.mcu.externaltools.gnu-tools-for-stm32.10.3-2021.10.win32_1.0.0.202111181127/tools/bin/../lib/gcc/arm-none-eabi/10.3.1/thumb/v7e-m+fp/hard\libgcc.a(_dvmd_tls.o)
                0x00000000080004ec                __aeabi_idiv0
                0x00000000080004ec                __aeabi_ldiv0
 *(.text*)
 .text.SPIx_Init
                0x00000000080004f0       0x74 ./Core/Inc/stm32f429i_discovery.o
 .text.SPIx_Read
                0x0000000008000564       0x40 ./Core/Inc/stm32f429i_discovery.o
 .text.SPIx_Write
                0x00000000080005a4       0x3c ./Core/Inc/stm32f429i_discovery.o
 .text.SPIx_Error
                0x00000000080005e0       0x18 ./Core/Inc/stm32f429i_discovery.o
 .text.SPIx_MspInit
                0x00000000080005f8       0x74 ./Core/Inc/stm32f429i_discovery.o
 .text.LCD_IO_Init
                0x000000000800066c       0xf0 ./Core/Inc/stm32f429i_discovery.o
                0x000000000800066c                LCD_IO_Init
 .text.LCD_IO_WriteData
                0x000000000800075c       0x44 ./Core/Inc/stm32f429i_discovery.o
                0x000000000800075c                LCD_IO_WriteData
 .text.LCD_IO_WriteReg
                0x00000000080007a0       0x44 ./Core/Inc/stm32f429i_discovery.o
                0x00000000080007a0                LCD_IO_WriteReg
 .text.LCD_IO_ReadData
                0x00000000080007e4       0x64 ./Core/Inc/stm32f429i_discovery.o
                0x00000000080007e4                LCD_IO_ReadData
 .text.LCD_Delay
                0x0000000008000848       0x16 ./Core/Inc/stm32f429i_discovery.o
                0x0000000008000848                LCD_Delay
 .text.ili9341_Init
                0x000000000800085e      0x294 ./Core/Inc/stm32f429i_discovery_lcd.o
                0x000000000800085e                ili9341_Init
 .text.ili9341_ReadID
                0x0000000008000af2       0x18 ./Core/Inc/stm32f429i_discovery_lcd.o
                0x0000000008000af2                ili9341_ReadID
 .text.ili9341_DisplayOn
                0x0000000008000b0a        0xe ./Core/Inc/stm32f429i_discovery_lcd.o
                0x0000000008000b0a                ili9341_DisplayOn
 .text.ili9341_DisplayOff
                0x0000000008000b18        0xe ./Core/Inc/stm32f429i_discovery_lcd.o
                0x0000000008000b18                ili9341_DisplayOff
 .text.ili9341_WriteReg
                0x0000000008000b26       0x1a ./Core/Inc/stm32f429i_discovery_lcd.o
                0x0000000008000b26                ili9341_WriteReg
 .text.ili9341_WriteData
                0x0000000008000b40       0x1a ./Core/Inc/stm32f429i_discovery_lcd.o
                0x0000000008000b40                ili9341_WriteData
 .text.ili9341_ReadData
                0x0000000008000b5a       0x26 ./Core/Inc/stm32f429i_discovery_lcd.o
                0x0000000008000b5a                ili9341_ReadData
 .text.ili9341_GetLcdPixelWidth
                0x0000000008000b80       0x10 ./Core/Inc/stm32f429i_discovery_lcd.o
                0x0000000008000b80                ili9341_GetLcdPixelWidth
 .text.ili9341_GetLcdPixelHeight
                0x0000000008000b90       0x12 ./Core/Inc/stm32f429i_discovery_lcd.o
                0x0000000008000b90                ili9341_GetLcdPixelHeight
 *fill*         0x0000000008000ba2        0x2 
 .text.BSP_LCD_Init
                0x0000000008000ba4       0xd4 ./Core/Inc/stm32f429i_discovery_lcd.o
                0x0000000008000ba4                BSP_LCD_Init
 .text.BSP_LCD_GetXSize
                0x0000000008000c78       0x18 ./Core/Inc/stm32f429i_discovery_lcd.o
                0x0000000008000c78                BSP_LCD_GetXSize
 .text.BSP_LCD_GetYSize
                0x0000000008000c90       0x18 ./Core/Inc/stm32f429i_discovery_lcd.o
                0x0000000008000c90                BSP_LCD_GetYSize
 .text.BSP_LCD_LayerDefaultInit
                0x0000000008000ca8       0xc8 ./Core/Inc/stm32f429i_discovery_lcd.o
                0x0000000008000ca8                BSP_LCD_LayerDefaultInit
 .text.BSP_LCD_SelectLayer
                0x0000000008000d70       0x20 ./Core/Inc/stm32f429i_discovery_lcd.o
                0x0000000008000d70                BSP_LCD_SelectLayer
 .text.BSP_LCD_SetTextColor
                0x0000000008000d90       0x30 ./Core/Inc/stm32f429i_discovery_lcd.o
                0x0000000008000d90                BSP_LCD_SetTextColor
 .text.BSP_LCD_SetFont
                0x0000000008000dc0       0x34 ./Core/Inc/stm32f429i_discovery_lcd.o
                0x0000000008000dc0                BSP_LCD_SetFont
 .text.BSP_LCD_GetFont
                0x0000000008000df4       0x2c ./Core/Inc/stm32f429i_discovery_lcd.o
                0x0000000008000df4                BSP_LCD_GetFont
 .text.BSP_LCD_Clear
                0x0000000008000e20       0x50 ./Core/Inc/stm32f429i_discovery_lcd.o
                0x0000000008000e20                BSP_LCD_Clear
 .text.BSP_LCD_DisplayChar
                0x0000000008000e70       0x88 ./Core/Inc/stm32f429i_discovery_lcd.o
                0x0000000008000e70                BSP_LCD_DisplayChar
 .text.BSP_LCD_DisplayStringAt
                0x0000000008000ef8      0x17c ./Core/Inc/stm32f429i_discovery_lcd.o
                0x0000000008000ef8                BSP_LCD_DisplayStringAt
 .text.BSP_LCD_DisplayStringAtLine
                0x0000000008001074       0x2e ./Core/Inc/stm32f429i_discovery_lcd.o
                0x0000000008001074                BSP_LCD_DisplayStringAtLine
 *fill*         0x00000000080010a2        0x2 
 .text.BSP_LCD_FillRect
                0x00000000080010a4       0xb4 ./Core/Inc/stm32f429i_discovery_lcd.o
                0x00000000080010a4                BSP_LCD_FillRect
 .text.BSP_LCD_DisplayOn
                0x0000000008001158       0x20 ./Core/Inc/stm32f429i_discovery_lcd.o
                0x0000000008001158                BSP_LCD_DisplayOn
 .text.MspInit  0x0000000008001178      0x1ac ./Core/Inc/stm32f429i_discovery_lcd.o
 .text.BSP_LCD_DrawPixel
                0x0000000008001324       0x4c ./Core/Inc/stm32f429i_discovery_lcd.o
                0x0000000008001324                BSP_LCD_DrawPixel
 .text.DrawChar
                0x0000000008001370      0x174 ./Core/Inc/stm32f429i_discovery_lcd.o
 .text.FillBuffer
                0x00000000080014e4       0x70 ./Core/Inc/stm32f429i_discovery_lcd.o
 .text.BSP_SDRAM_Init
                0x0000000008001554       0x9c ./Core/Inc/stm32f429i_discovery_sdram.o
                0x0000000008001554                BSP_SDRAM_Init
 .text.BSP_SDRAM_Initialization_sequence
                0x00000000080015f0       0xc0 ./Core/Inc/stm32f429i_discovery_sdram.o
                0x00000000080015f0                BSP_SDRAM_Initialization_sequence
 .text.MspInit  0x00000000080016b0      0x214 ./Core/Inc/stm32f429i_discovery_sdram.o
 .text.main     0x00000000080018c4       0x9c ./Core/Src/main.o
                0x00000000080018c4                main
 .text.SystemClock_Config
                0x0000000008001960       0xe4 ./Core/Src/main.o
                0x0000000008001960                SystemClock_Config
 .text.MX_DMA2D_Init
                0x0000000008001a44       0x64 ./Core/Src/main.o
 .text.MX_I2C3_Init
                0x0000000008001aa8       0x80 ./Core/Src/main.o
 .text.MX_LTDC_Init
                0x0000000008001b28      0x160 ./Core/Src/main.o
 .text.MX_SPI5_Init
                0x0000000008001c88       0x6c ./Core/Src/main.o
 .text.MX_USART1_UART_Init
                0x0000000008001cf4       0x54 ./Core/Src/main.o
 .text.MX_FMC_Init
                0x0000000008001d48       0x9c ./Core/Src/main.o
 .text.MX_GPIO_Init
                0x0000000008001de4       0xf8 ./Core/Src/main.o
 .text.Error_Handler
                0x0000000008001edc        0xa ./Core/Src/main.o
                0x0000000008001edc                Error_Handler
 *fill*         0x0000000008001ee6        0x2 
 .text.HAL_MspInit
                0x0000000008001ee8       0x50 ./Core/Src/stm32f4xx_hal_msp.o
                0x0000000008001ee8                HAL_MspInit
 .text.HAL_DMA2D_MspInit
                0x0000000008001f38       0x44 ./Core/Src/stm32f4xx_hal_msp.o
                0x0000000008001f38                HAL_DMA2D_MspInit
 .text.HAL_I2C_MspInit
                0x0000000008001f7c       0xd4 ./Core/Src/stm32f4xx_hal_msp.o
                0x0000000008001f7c                HAL_I2C_MspInit
 .text.HAL_LTDC_MspInit
                0x0000000008002050      0x250 ./Core/Src/stm32f4xx_hal_msp.o
                0x0000000008002050                HAL_LTDC_MspInit
 .text.HAL_SPI_MspInit
                0x00000000080022a0       0x90 ./Core/Src/stm32f4xx_hal_msp.o
                0x00000000080022a0                HAL_SPI_MspInit
 .text.HAL_SPI_MspDeInit
                0x0000000008002330       0x3c ./Core/Src/stm32f4xx_hal_msp.o
                0x0000000008002330                HAL_SPI_MspDeInit
 .text.HAL_UART_MspInit
                0x000000000800236c       0x90 ./Core/Src/stm32f4xx_hal_msp.o
                0x000000000800236c                HAL_UART_MspInit
 .text.HAL_FMC_MspInit
                0x00000000080023fc      0x124 ./Core/Src/stm32f4xx_hal_msp.o
 .text.HAL_SDRAM_MspInit
                0x0000000008002520       0x14 ./Core/Src/stm32f4xx_hal_msp.o
                0x0000000008002520                HAL_SDRAM_MspInit
 .text.NMI_Handler
                0x0000000008002534        0x6 ./Core/Src/stm32f4xx_it.o
                0x0000000008002534                NMI_Handler
 .text.HardFault_Handler
                0x000000000800253a        0x6 ./Core/Src/stm32f4xx_it.o
                0x000000000800253a                HardFault_Handler
 .text.MemManage_Handler
                0x0000000008002540        0x6 ./Core/Src/stm32f4xx_it.o
                0x0000000008002540                MemManage_Handler
 .text.BusFault_Handler
                0x0000000008002546        0x6 ./Core/Src/stm32f4xx_it.o
                0x0000000008002546                BusFault_Handler
 .text.UsageFault_Handler
                0x000000000800254c        0x6 ./Core/Src/stm32f4xx_it.o
                0x000000000800254c                UsageFault_Handler
 .text.SVC_Handler
                0x0000000008002552        0xe ./Core/Src/stm32f4xx_it.o
                0x0000000008002552                SVC_Handler
 .text.DebugMon_Handler
                0x0000000008002560        0xe ./Core/Src/stm32f4xx_it.o
                0x0000000008002560                DebugMon_Handler
 .text.PendSV_Handler
                0x000000000800256e        0xe ./Core/Src/stm32f4xx_it.o
                0x000000000800256e                PendSV_Handler
 .text.SysTick_Handler
                0x000000000800257c        0xc ./Core/Src/stm32f4xx_it.o
                0x000000000800257c                SysTick_Handler
 .text.SystemInit
                0x0000000008002588       0x24 ./Core/Src/system_stm32f4xx.o
                0x0000000008002588                SystemInit
 .text.Reset_Handler
                0x00000000080025ac       0x50 ./Core/Startup/startup_stm32f429zitx.o
                0x00000000080025ac                Reset_Handler
 .text.Default_Handler
                0x00000000080025fc        0x2 ./Core/Startup/startup_stm32f429zitx.o
                0x00000000080025fc                RTC_Alarm_IRQHandler
                0x00000000080025fc                HASH_RNG_IRQHandler
                0x00000000080025fc                EXTI2_IRQHandler
                0x00000000080025fc                TIM8_CC_IRQHandler
                0x00000000080025fc                UART8_IRQHandler
                0x00000000080025fc                SPI4_IRQHandler
                0x00000000080025fc                TIM1_CC_IRQHandler
                0x00000000080025fc                DMA2_Stream5_IRQHandler
                0x00000000080025fc                DMA1_Stream5_IRQHandler
                0x00000000080025fc                PVD_IRQHandler
                0x00000000080025fc                SDIO_IRQHandler
                0x00000000080025fc                TAMP_STAMP_IRQHandler
                0x00000000080025fc                CAN2_RX1_IRQHandler
                0x00000000080025fc                EXTI3_IRQHandler
                0x00000000080025fc                TIM8_TRG_COM_TIM14_IRQHandler
                0x00000000080025fc                TIM1_UP_TIM10_IRQHandler
                0x00000000080025fc                TIM8_UP_TIM13_IRQHandler
                0x00000000080025fc                I2C3_ER_IRQHandler
                0x00000000080025fc                EXTI0_IRQHandler
                0x00000000080025fc                I2C2_EV_IRQHandler
                0x00000000080025fc                DMA1_Stream2_IRQHandler
                0x00000000080025fc                CAN1_RX0_IRQHandler
                0x00000000080025fc                FPU_IRQHandler
                0x00000000080025fc                OTG_HS_WKUP_IRQHandler
                0x00000000080025fc                LTDC_ER_IRQHandler
                0x00000000080025fc                CAN2_SCE_IRQHandler
                0x00000000080025fc                DMA2_Stream2_IRQHandler
                0x00000000080025fc                SPI1_IRQHandler
                0x00000000080025fc                TIM6_DAC_IRQHandler
                0x00000000080025fc                TIM1_BRK_TIM9_IRQHandler
                0x00000000080025fc                DCMI_IRQHandler
                0x00000000080025fc                CAN2_RX0_IRQHandler
                0x00000000080025fc                DMA2_Stream3_IRQHandler
                0x00000000080025fc                USART6_IRQHandler
                0x00000000080025fc                USART3_IRQHandler
                0x00000000080025fc                CAN1_RX1_IRQHandler
                0x00000000080025fc                UART5_IRQHandler
                0x00000000080025fc                DMA2_Stream0_IRQHandler
                0x00000000080025fc                TIM4_IRQHandler
                0x00000000080025fc                I2C1_EV_IRQHandler
                0x00000000080025fc                DMA1_Stream6_IRQHandler
                0x00000000080025fc                DMA1_Stream1_IRQHandler
                0x00000000080025fc                UART4_IRQHandler
                0x00000000080025fc                TIM3_IRQHandler
                0x00000000080025fc                RCC_IRQHandler
                0x00000000080025fc                TIM8_BRK_TIM12_IRQHandler
                0x00000000080025fc                Default_Handler
                0x00000000080025fc                EXTI15_10_IRQHandler
                0x00000000080025fc                ADC_IRQHandler
                0x00000000080025fc                DMA1_Stream7_IRQHandler
                0x00000000080025fc                SPI5_IRQHandler
                0x00000000080025fc                TIM7_IRQHandler
                0x00000000080025fc                CAN2_TX_IRQHandler
                0x00000000080025fc                TIM5_IRQHandler
                0x00000000080025fc                DMA2_Stream7_IRQHandler
                0x00000000080025fc                I2C3_EV_IRQHandler
                0x00000000080025fc                EXTI9_5_IRQHandler
                0x00000000080025fc                RTC_WKUP_IRQHandler
                0x00000000080025fc                LTDC_IRQHandler
                0x00000000080025fc                ETH_WKUP_IRQHandler
                0x00000000080025fc                SPI2_IRQHandler
                0x00000000080025fc                OTG_HS_EP1_IN_IRQHandler
                0x00000000080025fc                DMA1_Stream0_IRQHandler
                0x00000000080025fc                CAN1_TX_IRQHandler
                0x00000000080025fc                EXTI4_IRQHandler
                0x00000000080025fc                ETH_IRQHandler
                0x00000000080025fc                OTG_HS_EP1_OUT_IRQHandler
                0x00000000080025fc                WWDG_IRQHandler
                0x00000000080025fc                SPI6_IRQHandler
                0x00000000080025fc                TIM2_IRQHandler
                0x00000000080025fc                OTG_FS_WKUP_IRQHandler
                0x00000000080025fc                TIM1_TRG_COM_TIM11_IRQHandler
                0x00000000080025fc                OTG_HS_IRQHandler
                0x00000000080025fc                DMA2D_IRQHandler
                0x00000000080025fc                EXTI1_IRQHandler
                0x00000000080025fc                UART7_IRQHandler
                0x00000000080025fc                USART2_IRQHandler
                0x00000000080025fc                I2C2_ER_IRQHandler
                0x00000000080025fc                DMA2_Stream1_IRQHandler
                0x00000000080025fc                CAN1_SCE_IRQHandler
                0x00000000080025fc                FLASH_IRQHandler
                0x00000000080025fc                DMA2_Stream4_IRQHandler
                0x00000000080025fc                USART1_IRQHandler
                0x00000000080025fc                OTG_FS_IRQHandler
                0x00000000080025fc                SPI3_IRQHandler
                0x00000000080025fc                DMA1_Stream4_IRQHandler
                0x00000000080025fc                I2C1_ER_IRQHandler
                0x00000000080025fc                FMC_IRQHandler
                0x00000000080025fc                DMA2_Stream6_IRQHandler
                0x00000000080025fc                SAI1_IRQHandler
                0x00000000080025fc                DMA1_Stream3_IRQHandler
 *fill*         0x00000000080025fe        0x2 
 .text.HAL_Init
                0x0000000008002600       0x44 ./Drivers/STM32F4xx_HAL_Driver/Src/stm32f4xx_hal.o
                0x0000000008002600                HAL_Init
 .text.HAL_InitTick
                0x0000000008002644       0x60 ./Drivers/STM32F4xx_HAL_Driver/Src/stm32f4xx_hal.o
                0x0000000008002644                HAL_InitTick
 .text.HAL_IncTick
                0x00000000080026a4       0x28 ./Drivers/STM32F4xx_HAL_Driver/Src/stm32f4xx_hal.o
                0x00000000080026a4                HAL_IncTick
 .text.HAL_GetTick
                0x00000000080026cc       0x18 ./Drivers/STM32F4xx_HAL_Driver/Src/stm32f4xx_hal.o
                0x00000000080026cc                HAL_GetTick
 .text.HAL_Delay
                0x00000000080026e4       0x48 ./Drivers/STM32F4xx_HAL_Driver/Src/stm32f4xx_hal.o
                0x00000000080026e4                HAL_Delay
 .text.__NVIC_SetPriorityGrouping
                0x000000000800272c       0x48 ./Drivers/STM32F4xx_HAL_Driver/Src/stm32f4xx_hal_cortex.o
 .text.__NVIC_GetPriorityGrouping
                0x0000000008002774       0x1c ./Drivers/STM32F4xx_HAL_Driver/Src/stm32f4xx_hal_cortex.o
 .text.__NVIC_EnableIRQ
                0x0000000008002790       0x3c ./Drivers/STM32F4xx_HAL_Driver/Src/stm32f4xx_hal_cortex.o
 .text.__NVIC_SetPriority
                0x00000000080027cc       0x54 ./Drivers/STM32F4xx_HAL_Driver/Src/stm32f4xx_hal_cortex.o
 .text.NVIC_EncodePriority
                0x0000000008002820       0x66 ./Drivers/STM32F4xx_HAL_Driver/Src/stm32f4xx_hal_cortex.o
 *fill*         0x0000000008002886        0x2 
 .text.SysTick_Config
                0x0000000008002888       0x44 ./Drivers/STM32F4xx_HAL_Driver/Src/stm32f4xx_hal_cortex.o
 .text.HAL_NVIC_SetPriorityGrouping
                0x00000000080028cc       0x16 ./Drivers/STM32F4xx_HAL_Driver/Src/stm32f4xx_hal_cortex.o
                0x00000000080028cc                HAL_NVIC_SetPriorityGrouping
 .text.HAL_NVIC_SetPriority
                0x00000000080028e2       0x38 ./Drivers/STM32F4xx_HAL_Driver/Src/stm32f4xx_hal_cortex.o
                0x00000000080028e2                HAL_NVIC_SetPriority
 .text.HAL_NVIC_EnableIRQ
                0x000000000800291a       0x1c ./Drivers/STM32F4xx_HAL_Driver/Src/stm32f4xx_hal_cortex.o
                0x000000000800291a                HAL_NVIC_EnableIRQ
 .text.HAL_SYSTICK_Config
                0x0000000008002936       0x18 ./Drivers/STM32F4xx_HAL_Driver/Src/stm32f4xx_hal_cortex.o
                0x0000000008002936                HAL_SYSTICK_Config
 *fill*         0x000000000800294e        0x2 
 .text.HAL_DMA_Init
                0x0000000008002950      0x15c ./Drivers/STM32F4xx_HAL_Driver/Src/stm32f4xx_hal_dma.o
                0x0000000008002950                HAL_DMA_Init
 .text.HAL_DMA_DeInit
                0x0000000008002aac       0xbc ./Drivers/STM32F4xx_HAL_Driver/Src/stm32f4xx_hal_dma.o
                0x0000000008002aac                HAL_DMA_DeInit
 .text.DMA_CalcBaseAndBitshift
                0x0000000008002b68       0x6c ./Drivers/STM32F4xx_HAL_Driver/Src/stm32f4xx_hal_dma.o
 .text.DMA_CheckFifoParam
                0x0000000008002bd4       0xf8 ./Drivers/STM32F4xx_HAL_Driver/Src/stm32f4xx_hal_dma.o
 .text.HAL_DMA2D_Init
                0x0000000008002ccc       0x92 ./Drivers/STM32F4xx_HAL_Driver/Src/stm32f4xx_hal_dma2d.o
                0x0000000008002ccc                HAL_DMA2D_Init
 .text.HAL_DMA2D_Start
                0x0000000008002d5e       0x56 ./Drivers/STM32F4xx_HAL_Driver/Src/stm32f4xx_hal_dma2d.o
                0x0000000008002d5e                HAL_DMA2D_Start
 .text.HAL_DMA2D_PollForTransfer
                0x0000000008002db4      0x1d2 ./Drivers/STM32F4xx_HAL_Driver/Src/stm32f4xx_hal_dma2d.o
                0x0000000008002db4                HAL_DMA2D_PollForTransfer
 *fill*         0x0000000008002f86        0x2 
 .text.HAL_DMA2D_ConfigLayer
                0x0000000008002f88      0x124 ./Drivers/STM32F4xx_HAL_Driver/Src/stm32f4xx_hal_dma2d.o
                0x0000000008002f88                HAL_DMA2D_ConfigLayer
 .text.DMA2D_SetConfig
                0x00000000080030ac      0x138 ./Drivers/STM32F4xx_HAL_Driver/Src/stm32f4xx_hal_dma2d.o
 .text.HAL_GPIO_Init
                0x00000000080031e4      0x358 ./Drivers/STM32F4xx_HAL_Driver/Src/stm32f4xx_hal_gpio.o
                0x00000000080031e4                HAL_GPIO_Init
 .text.HAL_GPIO_DeInit
                0x000000000800353c      0x218 ./Drivers/STM32F4xx_HAL_Driver/Src/stm32f4xx_hal_gpio.o
                0x000000000800353c                HAL_GPIO_DeInit
 .text.HAL_GPIO_WritePin
                0x0000000008003754       0x32 ./Drivers/STM32F4xx_HAL_Driver/Src/stm32f4xx_hal_gpio.o
                0x0000000008003754                HAL_GPIO_WritePin
 *fill*         0x0000000008003786        0x2 
 .text.HAL_I2C_Init
                0x0000000008003788      0x288 ./Drivers/STM32F4xx_HAL_Driver/Src/stm32f4xx_hal_i2c.o
                0x0000000008003788                HAL_I2C_Init
 .text.HAL_I2CEx_ConfigAnalogFilter
                0x0000000008003a10       0x78 ./Drivers/STM32F4xx_HAL_Driver/Src/stm32f4xx_hal_i2c_ex.o
                0x0000000008003a10                HAL_I2CEx_ConfigAnalogFilter
 .text.HAL_I2CEx_ConfigDigitalFilter
                0x0000000008003a88       0x7e ./Drivers/STM32F4xx_HAL_Driver/Src/stm32f4xx_hal_i2c_ex.o
                0x0000000008003a88                HAL_I2CEx_ConfigDigitalFilter
 *fill*         0x0000000008003b06        0x2 
 .text.HAL_LTDC_Init
                0x0000000008003b08      0x1a0 ./Drivers/STM32F4xx_HAL_Driver/Src/stm32f4xx_hal_ltdc.o
                0x0000000008003b08                HAL_LTDC_Init
 .text.HAL_LTDC_ConfigLayer
                0x0000000008003ca8       0x7c ./Drivers/STM32F4xx_HAL_Driver/Src/stm32f4xx_hal_ltdc.o
                0x0000000008003ca8                HAL_LTDC_ConfigLayer
 .text.HAL_LTDC_EnableDither
                0x0000000008003d24       0x54 ./Drivers/STM32F4xx_HAL_Driver/Src/stm32f4xx_hal_ltdc.o
                0x0000000008003d24                HAL_LTDC_EnableDither
 .text.LTDC_SetConfig
                0x0000000008003d78      0x32e ./Drivers/STM32F4xx_HAL_Driver/Src/stm32f4xx_hal_ltdc.o
 *fill*         0x00000000080040a6        0x2 
 .text.HAL_PWREx_EnableOverDrive
                0x00000000080040a8       0xa0 ./Drivers/STM32F4xx_HAL_Driver/Src/stm32f4xx_hal_pwr_ex.o
                0x00000000080040a8                HAL_PWREx_EnableOverDrive
 .text.HAL_RCC_OscConfig
                0x0000000008004148      0x4f0 ./Drivers/STM32F4xx_HAL_Driver/Src/stm32f4xx_hal_rcc.o
                0x0000000008004148                HAL_RCC_OscConfig
 .text.HAL_RCC_ClockConfig
                0x0000000008004638      0x1cc ./Drivers/STM32F4xx_HAL_Driver/Src/stm32f4xx_hal_rcc.o
                0x0000000008004638                HAL_RCC_ClockConfig
 .text.HAL_RCC_GetSysClockFreq
                0x0000000008004804      0x20c ./Drivers/STM32F4xx_HAL_Driver/Src/stm32f4xx_hal_rcc.o
                0x0000000008004804                HAL_RCC_GetSysClockFreq
 .text.HAL_RCC_GetHCLKFreq
                0x0000000008004a10       0x18 ./Drivers/STM32F4xx_HAL_Driver/Src/stm32f4xx_hal_rcc.o
                0x0000000008004a10                HAL_RCC_GetHCLKFreq
 .text.HAL_RCC_GetPCLK1Freq
                0x0000000008004a28       0x28 ./Drivers/STM32F4xx_HAL_Driver/Src/stm32f4xx_hal_rcc.o
                0x0000000008004a28                HAL_RCC_GetPCLK1Freq
 .text.HAL_RCC_GetPCLK2Freq
                0x0000000008004a50       0x28 ./Drivers/STM32F4xx_HAL_Driver/Src/stm32f4xx_hal_rcc.o
                0x0000000008004a50                HAL_RCC_GetPCLK2Freq
 .text.HAL_RCCEx_PeriphCLKConfig
                0x0000000008004a78      0x380 ./Drivers/STM32F4xx_HAL_Driver/Src/stm32f4xx_hal_rcc_ex.o
                0x0000000008004a78                HAL_RCCEx_PeriphCLKConfig
 .text.HAL_SDRAM_Init
                0x0000000008004df8       0x68 ./Drivers/STM32F4xx_HAL_Driver/Src/stm32f4xx_hal_sdram.o
                0x0000000008004df8                HAL_SDRAM_Init
 .text.HAL_SDRAM_SendCommand
                0x0000000008004e60       0x6a ./Drivers/STM32F4xx_HAL_Driver/Src/stm32f4xx_hal_sdram.o
                0x0000000008004e60                HAL_SDRAM_SendCommand
 .text.HAL_SDRAM_ProgramRefreshRate
                0x0000000008004eca       0x50 ./Drivers/STM32F4xx_HAL_Driver/Src/stm32f4xx_hal_sdram.o
                0x0000000008004eca                HAL_SDRAM_ProgramRefreshRate
 .text.HAL_SPI_Init
                0x0000000008004f1a      0x112 ./Drivers/STM32F4xx_HAL_Driver/Src/stm32f4xx_hal_spi.o
                0x0000000008004f1a                HAL_SPI_Init
 .text.HAL_SPI_DeInit
                0x000000000800502c       0x50 ./Drivers/STM32F4xx_HAL_Driver/Src/stm32f4xx_hal_spi.o
                0x000000000800502c                HAL_SPI_DeInit
 .text.HAL_SPI_Transmit
                0x000000000800507c      0x278 ./Drivers/STM32F4xx_HAL_Driver/Src/stm32f4xx_hal_spi.o
                0x000000000800507c                HAL_SPI_Transmit
 .text.HAL_SPI_Receive
                0x00000000080052f4      0x222 ./Drivers/STM32F4xx_HAL_Driver/Src/stm32f4xx_hal_spi.o
                0x00000000080052f4                HAL_SPI_Receive
 .text.HAL_SPI_TransmitReceive
                0x0000000008005516      0x344 ./Drivers/STM32F4xx_HAL_Driver/Src/stm32f4xx_hal_spi.o
                0x0000000008005516                HAL_SPI_TransmitReceive
 .text.HAL_SPI_GetState
                0x000000000800585a       0x1c ./Drivers/STM32F4xx_HAL_Driver/Src/stm32f4xx_hal_spi.o
                0x000000000800585a                HAL_SPI_GetState
 *fill*         0x0000000008005876        0x2 
 .text.SPI_WaitFlagStateUntilTimeout
                0x0000000008005878      0x110 ./Drivers/STM32F4xx_HAL_Driver/Src/stm32f4xx_hal_spi.o
 .text.SPI_EndRxTransaction
                0x0000000008005988       0xca ./Drivers/STM32F4xx_HAL_Driver/Src/stm32f4xx_hal_spi.o
 *fill*         0x0000000008005a52        0x2 
 .text.SPI_EndRxTxTransaction
                0x0000000008005a54       0x84 ./Drivers/STM32F4xx_HAL_Driver/Src/stm32f4xx_hal_spi.o
 .text.HAL_UART_Init
                0x0000000008005ad8       0x9a ./Drivers/STM32F4xx_HAL_Driver/Src/stm32f4xx_hal_uart.o
                0x0000000008005ad8                HAL_UART_Init
 *fill*         0x0000000008005b72        0x2 
 .text.UART_SetConfig
                0x0000000008005b74      0x4e8 ./Drivers/STM32F4xx_HAL_Driver/Src/stm32f4xx_hal_uart.o
 .text.FMC_SDRAM_Init
                0x000000000800605c       0xba ./Drivers/STM32F4xx_HAL_Driver/Src/stm32f4xx_ll_fmc.o
                0x000000000800605c                FMC_SDRAM_Init
 .text.FMC_SDRAM_Timing_Init
                0x0000000008006116       0xd2 ./Drivers/STM32F4xx_HAL_Driver/Src/stm32f4xx_ll_fmc.o
                0x0000000008006116                FMC_SDRAM_Timing_Init
 .text.FMC_SDRAM_SendCommand
                0x00000000080061e8       0x7a ./Drivers/STM32F4xx_HAL_Driver/Src/stm32f4xx_ll_fmc.o
                0x00000000080061e8                FMC_SDRAM_SendCommand
 .text.FMC_SDRAM_ProgramRefreshRate
                0x0000000008006262       0x2e ./Drivers/STM32F4xx_HAL_Driver/Src/stm32f4xx_ll_fmc.o
                0x0000000008006262                FMC_SDRAM_ProgramRefreshRate
 .text.__libc_init_array
                0x0000000008006290       0x48 c:/st/stm32cubeide_1.9.0/stm32cubeide/plugins/com.st.stm32cube.ide.mcu.externaltools.gnu-tools-for-stm32.10.3-2021.10.win32_1.0.0.202111181127/tools/bin/../lib/gcc/arm-none-eabi/10.3.1/../../../../arm-none-eabi/lib/thumb/v7e-m+fp/hard\libc_nano.a(lib_a-init.o)
                0x0000000008006290                __libc_init_array
 .text.memset   0x00000000080062d8       0x10 c:/st/stm32cubeide_1.9.0/stm32cubeide/plugins/com.st.stm32cube.ide.mcu.externaltools.gnu-tools-for-stm32.10.3-2021.10.win32_1.0.0.202111181127/tools/bin/../lib/gcc/arm-none-eabi/10.3.1/../../../../arm-none-eabi/lib/thumb/v7e-m+fp/hard\libc_nano.a(lib_a-memset.o)
                0x00000000080062d8                memset
 *(.glue_7)
 .glue_7        0x00000000080062e8        0x0 linker stubs
 *(.glue_7t)
 .glue_7t       0x00000000080062e8        0x0 linker stubs
 *(.eh_frame)
 .eh_frame      0x00000000080062e8        0x0 c:/st/stm32cubeide_1.9.0/stm32cubeide/plugins/com.st.stm32cube.ide.mcu.externaltools.gnu-tools-for-stm32.10.3-2021.10.win32_1.0.0.202111181127/tools/bin/../lib/gcc/arm-none-eabi/10.3.1/thumb/v7e-m+fp/hard/crtbegin.o
 *(.init)
 .init          0x00000000080062e8        0x4 c:/st/stm32cubeide_1.9.0/stm32cubeide/plugins/com.st.stm32cube.ide.mcu.externaltools.gnu-tools-for-stm32.10.3-2021.10.win32_1.0.0.202111181127/tools/bin/../lib/gcc/arm-none-eabi/10.3.1/thumb/v7e-m+fp/hard/crti.o
                0x00000000080062e8                _init
 .init          0x00000000080062ec        0x8 c:/st/stm32cubeide_1.9.0/stm32cubeide/plugins/com.st.stm32cube.ide.mcu.externaltools.gnu-tools-for-stm32.10.3-2021.10.win32_1.0.0.202111181127/tools/bin/../lib/gcc/arm-none-eabi/10.3.1/thumb/v7e-m+fp/hard/crtn.o
 *(.fini)
 .fini          0x00000000080062f4        0x4 c:/st/stm32cubeide_1.9.0/stm32cubeide/plugins/com.st.stm32cube.ide.mcu.externaltools.gnu-tools-for-stm32.10.3-2021.10.win32_1.0.0.202111181127/tools/bin/../lib/gcc/arm-none-eabi/10.3.1/thumb/v7e-m+fp/hard/crti.o
                0x00000000080062f4                _fini
 .fini          0x00000000080062f8        0x8 c:/st/stm32cubeide_1.9.0/stm32cubeide/plugins/com.st.stm32cube.ide.mcu.externaltools.gnu-tools-for-stm32.10.3-2021.10.win32_1.0.0.202111181127/tools/bin/../lib/gcc/arm-none-eabi/10.3.1/thumb/v7e-m+fp/hard/crtn.o
                0x0000000008006300                . = ALIGN (0x4)
                0x0000000008006300                _etext = .

.vfp11_veneer   0x0000000008006300        0x0
 .vfp11_veneer  0x0000000008006300        0x0 linker stubs

.v4_bx          0x0000000008006300        0x0
 .v4_bx         0x0000000008006300        0x0 linker stubs

.iplt           0x0000000008006300        0x0
 .iplt          0x0000000008006300        0x0 c:/st/stm32cubeide_1.9.0/stm32cubeide/plugins/com.st.stm32cube.ide.mcu.externaltools.gnu-tools-for-stm32.10.3-2021.10.win32_1.0.0.202111181127/tools/bin/../lib/gcc/arm-none-eabi/10.3.1/thumb/v7e-m+fp/hard/crtbegin.o

.rodata         0x0000000008006300     0x1b04
                0x0000000008006300                . = ALIGN (0x4)
 *(.rodata)
 .rodata        0x0000000008006300       0x29 ./Core/Src/main.o
 *(.rodata*)
 *fill*         0x0000000008006329        0x3 
 .rodata.Font24_Table
                0x000000000800632c     0x1ab8 ./Core/Inc/stm32f429i_discovery_lcd.o
                0x000000000800632c                Font24_Table
 .rodata.AHBPrescTable
                0x0000000008007de4       0x10 ./Core/Src/system_stm32f4xx.o
                0x0000000008007de4                AHBPrescTable
 .rodata.APBPrescTable
                0x0000000008007df4        0x8 ./Core/Src/system_stm32f4xx.o
                0x0000000008007df4                APBPrescTable
 .rodata.flagBitshiftOffset.0
                0x0000000008007dfc        0x8 ./Drivers/STM32F4xx_HAL_Driver/Src/stm32f4xx_hal_dma.o
                0x0000000008007e04                . = ALIGN (0x4)

.ARM.extab      0x0000000008007e04        0x0
                0x0000000008007e04                . = ALIGN (0x4)
 *(.ARM.extab* .gnu.linkonce.armextab.*)
                0x0000000008007e04                . = ALIGN (0x4)

.ARM            0x0000000008007e04        0x8
                0x0000000008007e04                . = ALIGN (0x4)
                0x0000000008007e04                __exidx_start = .
 *(.ARM.exidx*)
 .ARM.exidx     0x0000000008007e04        0x8 c:/st/stm32cubeide_1.9.0/stm32cubeide/plugins/com.st.stm32cube.ide.mcu.externaltools.gnu-tools-for-stm32.10.3-2021.10.win32_1.0.0.202111181127/tools/bin/../lib/gcc/arm-none-eabi/10.3.1/thumb/v7e-m+fp/hard\libgcc.a(_udivmoddi4.o)
                0x0000000008007e0c                __exidx_end = .
                0x0000000008007e0c                . = ALIGN (0x4)

.rel.dyn        0x0000000008007e0c        0x0
 .rel.iplt      0x0000000008007e0c        0x0 c:/st/stm32cubeide_1.9.0/stm32cubeide/plugins/com.st.stm32cube.ide.mcu.externaltools.gnu-tools-for-stm32.10.3-2021.10.win32_1.0.0.202111181127/tools/bin/../lib/gcc/arm-none-eabi/10.3.1/thumb/v7e-m+fp/hard/crtbegin.o

.preinit_array  0x0000000008007e0c        0x0
                0x0000000008007e0c                . = ALIGN (0x4)
                0x0000000008007e0c                PROVIDE (__preinit_array_start = .)
 *(.preinit_array*)
                0x0000000008007e0c                PROVIDE (__preinit_array_end = .)
                0x0000000008007e0c                . = ALIGN (0x4)

.init_array     0x0000000008007e0c        0x4
                0x0000000008007e0c                . = ALIGN (0x4)
                0x0000000008007e0c                PROVIDE (__init_array_start = .)
 *(SORT_BY_NAME(.init_array.*))
 *(.init_array*)
 .init_array    0x0000000008007e0c        0x4 c:/st/stm32cubeide_1.9.0/stm32cubeide/plugins/com.st.stm32cube.ide.mcu.externaltools.gnu-tools-for-stm32.10.3-2021.10.win32_1.0.0.202111181127/tools/bin/../lib/gcc/arm-none-eabi/10.3.1/thumb/v7e-m+fp/hard/crtbegin.o
                0x0000000008007e10                PROVIDE (__init_array_end = .)
                0x0000000008007e10                . = ALIGN (0x4)

.fini_array     0x0000000008007e10        0x4
                0x0000000008007e10                . = ALIGN (0x4)
                [!provide]                        PROVIDE (__fini_array_start = .)
 *(SORT_BY_NAME(.fini_array.*))
 *(.fini_array*)
 .fini_array    0x0000000008007e10        0x4 c:/st/stm32cubeide_1.9.0/stm32cubeide/plugins/com.st.stm32cube.ide.mcu.externaltools.gnu-tools-for-stm32.10.3-2021.10.win32_1.0.0.202111181127/tools/bin/../lib/gcc/arm-none-eabi/10.3.1/thumb/v7e-m+fp/hard/crtbegin.o
                [!provide]                        PROVIDE (__fini_array_end = .)
                0x0000000008007e14                . = ALIGN (0x4)
                0x0000000008007e14                _sidata = LOADADDR (.data)

.data           0x0000000020000000       0x50 load address 0x0000000008007e14
                0x0000000020000000                . = ALIGN (0x4)
                0x0000000020000000                _sdata = .
 *(.data)
 *(.data*)
 .data.SpixTimeout
                0x0000000020000000        0x4 ./Core/Inc/stm32f429i_discovery.o
                0x0000000020000000                SpixTimeout
 .data.Font24   0x0000000020000004        0x8 ./Core/Inc/stm32f429i_discovery_lcd.o
                0x0000000020000004                Font24
 .data.ili9341_drv
                0x000000002000000c       0x38 ./Core/Inc/stm32f429i_discovery_lcd.o
                0x000000002000000c                ili9341_drv
 .data.SystemCoreClock
                0x0000000020000044        0x4 ./Core/Src/system_stm32f4xx.o
                0x0000000020000044                SystemCoreClock
 .data.uwTickPrio
                0x0000000020000048        0x4 ./Drivers/STM32F4xx_HAL_Driver/Src/stm32f4xx_hal.o
                0x0000000020000048                uwTickPrio
 .data.uwTickFreq
                0x000000002000004c        0x1 ./Drivers/STM32F4xx_HAL_Driver/Src/stm32f4xx_hal.o
                0x000000002000004c                uwTickFreq
 *(.RamFunc)
 *(.RamFunc*)
                0x0000000020000050                . = ALIGN (0x4)
 *fill*         0x000000002000004d        0x3 
                0x0000000020000050                _edata = .
                0x0000000008007e64                _siccmram = LOADADDR (.ccmram)

.igot.plt       0x0000000020000050        0x0 load address 0x0000000008007e64
 .igot.plt      0x0000000020000050        0x0 c:/st/stm32cubeide_1.9.0/stm32cubeide/plugins/com.st.stm32cube.ide.mcu.externaltools.gnu-tools-for-stm32.10.3-2021.10.win32_1.0.0.202111181127/tools/bin/../lib/gcc/arm-none-eabi/10.3.1/thumb/v7e-m+fp/hard/crtbegin.o

.ccmram         0x0000000010000000        0x0 load address 0x0000000008007e64
                0x0000000010000000                . = ALIGN (0x4)
                0x0000000010000000                _sccmram = .
 *(.ccmram)
 *(.ccmram*)
                0x0000000010000000                . = ALIGN (0x4)
                0x0000000010000000                _eccmram = .
                0x0000000010000000                . = ALIGN (0x4)

.bss            0x0000000020000050      0x484
                0x0000000020000050                _sbss = .
                0x0000000020000050                __bss_start__ = _sbss
 *(.bss)
 .bss           0x0000000020000050       0x1c c:/st/stm32cubeide_1.9.0/stm32cubeide/plugins/com.st.stm32cube.ide.mcu.externaltools.gnu-tools-for-stm32.10.3-2021.10.win32_1.0.0.202111181127/tools/bin/../lib/gcc/arm-none-eabi/10.3.1/thumb/v7e-m+fp/hard/crtbegin.o
 *(.bss*)
 .bss.SpiHandle
                0x000000002000006c       0x58 ./Core/Inc/stm32f429i_discovery.o
 .bss.Is_LCD_IO_Initialized
                0x00000000200000c4        0x1 ./Core/Inc/stm32f429i_discovery.o
 *fill*         0x00000000200000c5        0x3 
 .bss.LtdcHandler
                0x00000000200000c8       0xa8 ./Core/Inc/stm32f429i_discovery_lcd.o
 .bss.Dma2dHandler
                0x0000000020000170       0x40 ./Core/Inc/stm32f429i_discovery_lcd.o
 .bss.PeriphClkInitStruct
                0x00000000200001b0       0x30 ./Core/Inc/stm32f429i_discovery_lcd.o
 .bss.ActiveLayer
                0x00000000200001e0        0x4 ./Core/Inc/stm32f429i_discovery_lcd.o
 .bss.DrawProp  0x00000000200001e4       0x18 ./Core/Inc/stm32f429i_discovery_lcd.o
 .bss.LcdDrv    0x00000000200001fc        0x4 ./Core/Inc/stm32f429i_discovery_lcd.o
                0x00000000200001fc                LcdDrv
 .bss.SdramHandle
                0x0000000020000200       0x34 ./Core/Inc/stm32f429i_discovery_sdram.o
 .bss.Timing    0x0000000020000234       0x1c ./Core/Inc/stm32f429i_discovery_sdram.o
 .bss.Command   0x0000000020000250       0x10 ./Core/Inc/stm32f429i_discovery_sdram.o
 .bss.dmaHandle.0
                0x0000000020000260       0x60 ./Core/Inc/stm32f429i_discovery_sdram.o
 .bss.hdma2d    0x00000000200002c0       0x40 ./Core/Src/main.o
                0x00000000200002c0                hdma2d
 .bss.hi2c3     0x0000000020000300       0x54 ./Core/Src/main.o
                0x0000000020000300                hi2c3
 .bss.hltdc     0x0000000020000354       0xa8 ./Core/Src/main.o
                0x0000000020000354                hltdc
 .bss.hspi5     0x00000000200003fc       0x58 ./Core/Src/main.o
                0x00000000200003fc                hspi5
 .bss.huart1    0x0000000020000454       0x44 ./Core/Src/main.o
                0x0000000020000454                huart1
 .bss.hsdram1   0x0000000020000498       0x34 ./Core/Src/main.o
                0x0000000020000498                hsdram1
 .bss.FMC_Initialized
                0x00000000200004cc        0x4 ./Core/Src/stm32f4xx_hal_msp.o
 .bss.uwTick    0x00000000200004d0        0x4 ./Drivers/STM32F4xx_HAL_Driver/Src/stm32f4xx_hal.o
                0x00000000200004d0                uwTick
 *(COMMON)
                0x00000000200004d4                . = ALIGN (0x4)
                0x00000000200004d4                _ebss = .
                0x00000000200004d4                __bss_end__ = _ebss

._user_heap_stack
                0x00000000200004d4      0x604
                0x00000000200004d8                . = ALIGN (0x8)
 *fill*         0x00000000200004d4        0x4 
                [!provide]                        PROVIDE (end = .)
                0x00000000200004d8                PROVIDE (_end = .)
                0x00000000200006d8                . = (. + _Min_Heap_Size)
 *fill*         0x00000000200004d8      0x200 
                0x0000000020000ad8                . = (. + _Min_Stack_Size)
 *fill*         0x00000000200006d8      0x400 
                0x0000000020000ad8                . = ALIGN (0x8)

/DISCARD/
 libc.a(*)
 libm.a(*)
 libgcc.a(*)

.ARM.attributes
                0x0000000000000000       0x30
 *(.ARM.attributes)
 .ARM.attributes
                0x0000000000000000       0x1e c:/st/stm32cubeide_1.9.0/stm32cubeide/plugins/com.st.stm32cube.ide.mcu.externaltools.gnu-tools-for-stm32.10.3-2021.10.win32_1.0.0.202111181127/tools/bin/../lib/gcc/arm-none-eabi/10.3.1/thumb/v7e-m+fp/hard/crti.o
 .ARM.attributes
                0x000000000000001e       0x34 c:/st/stm32cubeide_1.9.0/stm32cubeide/plugins/com.st.stm32cube.ide.mcu.externaltools.gnu-tools-for-stm32.10.3-2021.10.win32_1.0.0.202111181127/tools/bin/../lib/gcc/arm-none-eabi/10.3.1/thumb/v7e-m+fp/hard/crtbegin.o
 .ARM.attributes
                0x0000000000000052       0x34 ./Core/Inc/stm32f429i_discovery.o
 .ARM.attributes
                0x0000000000000086       0x34 ./Core/Inc/stm32f429i_discovery_lcd.o
 .ARM.attributes
                0x00000000000000ba       0x34 ./Core/Inc/stm32f429i_discovery_sdram.o
 .ARM.attributes
                0x00000000000000ee       0x34 ./Core/Src/main.o
 .ARM.attributes
                0x0000000000000122       0x34 ./Core/Src/stm32f4xx_hal_msp.o
 .ARM.attributes
                0x0000000000000156       0x34 ./Core/Src/stm32f4xx_it.o
 .ARM.attributes
                0x000000000000018a       0x34 ./Core/Src/system_stm32f4xx.o
 .ARM.attributes
                0x00000000000001be       0x21 ./Core/Startup/startup_stm32f429zitx.o
 .ARM.attributes
                0x00000000000001df       0x34 ./Drivers/STM32F4xx_HAL_Driver/Src/stm32f4xx_hal.o
 .ARM.attributes
                0x0000000000000213       0x34 ./Drivers/STM32F4xx_HAL_Driver/Src/stm32f4xx_hal_cortex.o
 .ARM.attributes
                0x0000000000000247       0x34 ./Drivers/STM32F4xx_HAL_Driver/Src/stm32f4xx_hal_dma.o
 .ARM.attributes
                0x000000000000027b       0x34 ./Drivers/STM32F4xx_HAL_Driver/Src/stm32f4xx_hal_dma2d.o
 .ARM.attributes
                0x00000000000002af       0x34 ./Drivers/STM32F4xx_HAL_Driver/Src/stm32f4xx_hal_gpio.o
 .ARM.attributes
                0x00000000000002e3       0x34 ./Drivers/STM32F4xx_HAL_Driver/Src/stm32f4xx_hal_i2c.o
 .ARM.attributes
                0x0000000000000317       0x34 ./Drivers/STM32F4xx_HAL_Driver/Src/stm32f4xx_hal_i2c_ex.o
 .ARM.attributes
                0x000000000000034b       0x34 ./Drivers/STM32F4xx_HAL_Driver/Src/stm32f4xx_hal_ltdc.o
 .ARM.attributes
                0x000000000000037f       0x34 ./Drivers/STM32F4xx_HAL_Driver/Src/stm32f4xx_hal_pwr_ex.o
 .ARM.attributes
                0x00000000000003b3       0x34 ./Drivers/STM32F4xx_HAL_Driver/Src/stm32f4xx_hal_rcc.o
 .ARM.attributes
                0x00000000000003e7       0x34 ./Drivers/STM32F4xx_HAL_Driver/Src/stm32f4xx_hal_rcc_ex.o
 .ARM.attributes
                0x000000000000041b       0x34 ./Drivers/STM32F4xx_HAL_Driver/Src/stm32f4xx_hal_sdram.o
 .ARM.attributes
                0x000000000000044f       0x34 ./Drivers/STM32F4xx_HAL_Driver/Src/stm32f4xx_hal_spi.o
 .ARM.attributes
                0x0000000000000483       0x34 ./Drivers/STM32F4xx_HAL_Driver/Src/stm32f4xx_hal_uart.o
 .ARM.attributes
                0x00000000000004b7       0x34 ./Drivers/STM32F4xx_HAL_Driver/Src/stm32f4xx_ll_fmc.o
 .ARM.attributes
                0x00000000000004eb       0x34 c:/st/stm32cubeide_1.9.0/stm32cubeide/plugins/com.st.stm32cube.ide.mcu.externaltools.gnu-tools-for-stm32.10.3-2021.10.win32_1.0.0.202111181127/tools/bin/../lib/gcc/arm-none-eabi/10.3.1/../../../../arm-none-eabi/lib/thumb/v7e-m+fp/hard\libc_nano.a(lib_a-init.o)
 .ARM.attributes
                0x000000000000051f       0x34 c:/st/stm32cubeide_1.9.0/stm32cubeide/plugins/com.st.stm32cube.ide.mcu.externaltools.gnu-tools-for-stm32.10.3-2021.10.win32_1.0.0.202111181127/tools/bin/../lib/gcc/arm-none-eabi/10.3.1/../../../../arm-none-eabi/lib/thumb/v7e-m+fp/hard\libc_nano.a(lib_a-memset.o)
 .ARM.attributes
                0x0000000000000553       0x1e c:/st/stm32cubeide_1.9.0/stm32cubeide/plugins/com.st.stm32cube.ide.mcu.externaltools.gnu-tools-for-stm32.10.3-2021.10.win32_1.0.0.202111181127/tools/bin/../lib/gcc/arm-none-eabi/10.3.1/thumb/v7e-m+fp/hard\libgcc.a(_aeabi_uldivmod.o)
 .ARM.attributes
                0x0000000000000571       0x34 c:/st/stm32cubeide_1.9.0/stm32cubeide/plugins/com.st.stm32cube.ide.mcu.externaltools.gnu-tools-for-stm32.10.3-2021.10.win32_1.0.0.202111181127/tools/bin/../lib/gcc/arm-none-eabi/10.3.1/thumb/v7e-m+fp/hard\libgcc.a(_udivmoddi4.o)
 .ARM.attributes
                0x00000000000005a5       0x1e c:/st/stm32cubeide_1.9.0/stm32cubeide/plugins/com.st.stm32cube.ide.mcu.externaltools.gnu-tools-for-stm32.10.3-2021.10.win32_1.0.0.202111181127/tools/bin/../lib/gcc/arm-none-eabi/10.3.1/thumb/v7e-m+fp/hard\libgcc.a(_dvmd_tls.o)
 .ARM.attributes
                0x00000000000005c3       0x1e c:/st/stm32cubeide_1.9.0/stm32cubeide/plugins/com.st.stm32cube.ide.mcu.externaltools.gnu-tools-for-stm32.10.3-2021.10.win32_1.0.0.202111181127/tools/bin/../lib/gcc/arm-none-eabi/10.3.1/thumb/v7e-m+fp/hard/crtn.o
OUTPUT(TFT_Display2.elf elf32-littlearm)
LOAD linker stubs
LOAD c:/st/stm32cubeide_1.9.0/stm32cubeide/plugins/com.st.stm32cube.ide.mcu.externaltools.gnu-tools-for-stm32.10.3-2021.10.win32_1.0.0.202111181127/tools/bin/../lib/gcc/arm-none-eabi/10.3.1/../../../../arm-none-eabi/lib/thumb/v7e-m+fp/hard\libc.a
LOAD c:/st/stm32cubeide_1.9.0/stm32cubeide/plugins/com.st.stm32cube.ide.mcu.externaltools.gnu-tools-for-stm32.10.3-2021.10.win32_1.0.0.202111181127/tools/bin/../lib/gcc/arm-none-eabi/10.3.1/../../../../arm-none-eabi/lib/thumb/v7e-m+fp/hard\libm.a
LOAD c:/st/stm32cubeide_1.9.0/stm32cubeide/plugins/com.st.stm32cube.ide.mcu.externaltools.gnu-tools-for-stm32.10.3-2021.10.win32_1.0.0.202111181127/tools/bin/../lib/gcc/arm-none-eabi/10.3.1/thumb/v7e-m+fp/hard\libgcc.a

.debug_info     0x0000000000000000    0x1830e
 .debug_info    0x0000000000000000     0x1af0 ./Core/Inc/stm32f429i_discovery.o
 .debug_info    0x0000000000001af0     0x24ec ./Core/Inc/stm32f429i_discovery_lcd.o
 .debug_info    0x0000000000003fdc      0xff2 ./Core/Inc/stm32f429i_discovery_sdram.o
 .debug_info    0x0000000000004fce     0x1be9 ./Core/Src/main.o
 .debug_info    0x0000000000006bb7     0x1c2d ./Core/Src/stm32f4xx_hal_msp.o
 .debug_info    0x00000000000087e4      0x121 ./Core/Src/stm32f4xx_it.o
 .debug_info    0x0000000000008905      0x53f ./Core/Src/system_stm32f4xx.o
 .debug_info    0x0000000000008e44       0x22 ./Core/Startup/startup_stm32f429zitx.o
 .debug_info    0x0000000000008e66      0x9f4 ./Drivers/STM32F4xx_HAL_Driver/Src/stm32f4xx_hal.o
 .debug_info    0x000000000000985a      0xe51 ./Drivers/STM32F4xx_HAL_Driver/Src/stm32f4xx_hal_cortex.o
 .debug_info    0x000000000000a6ab      0x94f ./Drivers/STM32F4xx_HAL_Driver/Src/stm32f4xx_hal_dma.o
 .debug_info    0x000000000000affa      0xf91 ./Drivers/STM32F4xx_HAL_Driver/Src/stm32f4xx_hal_dma2d.o
 .debug_info    0x000000000000bf8b      0x786 ./Drivers/STM32F4xx_HAL_Driver/Src/stm32f4xx_hal_gpio.o
 .debug_info    0x000000000000c711     0x2617 ./Drivers/STM32F4xx_HAL_Driver/Src/stm32f4xx_hal_i2c.o
 .debug_info    0x000000000000ed28      0x6b6 ./Drivers/STM32F4xx_HAL_Driver/Src/stm32f4xx_hal_i2c_ex.o
 .debug_info    0x000000000000f3de     0x114d ./Drivers/STM32F4xx_HAL_Driver/Src/stm32f4xx_hal_ltdc.o
 .debug_info    0x000000000001052b      0x6e6 ./Drivers/STM32F4xx_HAL_Driver/Src/stm32f4xx_hal_pwr_ex.o
 .debug_info    0x0000000000010c11      0x982 ./Drivers/STM32F4xx_HAL_Driver/Src/stm32f4xx_hal_rcc.o
 .debug_info    0x0000000000011593      0x689 ./Drivers/STM32F4xx_HAL_Driver/Src/stm32f4xx_hal_rcc_ex.o
 .debug_info    0x0000000000011c1c      0xf46 ./Drivers/STM32F4xx_HAL_Driver/Src/stm32f4xx_hal_sdram.o
 .debug_info    0x0000000000012b62     0x1758 ./Drivers/STM32F4xx_HAL_Driver/Src/stm32f4xx_hal_spi.o
 .debug_info    0x00000000000142ba     0x31bc ./Drivers/STM32F4xx_HAL_Driver/Src/stm32f4xx_hal_uart.o
 .debug_info    0x0000000000017476      0xe98 ./Drivers/STM32F4xx_HAL_Driver/Src/stm32f4xx_ll_fmc.o

.debug_abbrev   0x0000000000000000     0x2fee
 .debug_abbrev  0x0000000000000000      0x2d1 ./Core/Inc/stm32f429i_discovery.o
 .debug_abbrev  0x00000000000002d1      0x33d ./Core/Inc/stm32f429i_discovery_lcd.o
 .debug_abbrev  0x000000000000060e      0x254 ./Core/Inc/stm32f429i_discovery_sdram.o
 .debug_abbrev  0x0000000000000862      0x2c8 ./Core/Src/main.o
 .debug_abbrev  0x0000000000000b2a      0x271 ./Core/Src/stm32f4xx_hal_msp.o
 .debug_abbrev  0x0000000000000d9b       0x74 ./Core/Src/stm32f4xx_it.o
 .debug_abbrev  0x0000000000000e0f      0x116 ./Core/Src/system_stm32f4xx.o
 .debug_abbrev  0x0000000000000f25       0x12 ./Core/Startup/startup_stm32f429zitx.o
 .debug_abbrev  0x0000000000000f37      0x20d ./Drivers/STM32F4xx_HAL_Driver/Src/stm32f4xx_hal.o
 .debug_abbrev  0x0000000000001144      0x316 ./Drivers/STM32F4xx_HAL_Driver/Src/stm32f4xx_hal_cortex.o
 .debug_abbrev  0x000000000000145a      0x25b ./Drivers/STM32F4xx_HAL_Driver/Src/stm32f4xx_hal_dma.o
 .debug_abbrev  0x00000000000016b5      0x22e ./Drivers/STM32F4xx_HAL_Driver/Src/stm32f4xx_hal_dma2d.o
 .debug_abbrev  0x00000000000018e3      0x1c4 ./Drivers/STM32F4xx_HAL_Driver/Src/stm32f4xx_hal_gpio.o
 .debug_abbrev  0x0000000000001aa7      0x297 ./Drivers/STM32F4xx_HAL_Driver/Src/stm32f4xx_hal_i2c.o
 .debug_abbrev  0x0000000000001d3e      0x14c ./Drivers/STM32F4xx_HAL_Driver/Src/stm32f4xx_hal_i2c_ex.o
 .debug_abbrev  0x0000000000001e8a      0x221 ./Drivers/STM32F4xx_HAL_Driver/Src/stm32f4xx_hal_ltdc.o
 .debug_abbrev  0x00000000000020ab      0x1c9 ./Drivers/STM32F4xx_HAL_Driver/Src/stm32f4xx_hal_pwr_ex.o
 .debug_abbrev  0x0000000000002274      0x2aa ./Drivers/STM32F4xx_HAL_Driver/Src/stm32f4xx_hal_rcc.o
 .debug_abbrev  0x000000000000251e      0x1a8 ./Drivers/STM32F4xx_HAL_Driver/Src/stm32f4xx_hal_rcc_ex.o
 .debug_abbrev  0x00000000000026c6      0x230 ./Drivers/STM32F4xx_HAL_Driver/Src/stm32f4xx_hal_sdram.o
 .debug_abbrev  0x00000000000028f6      0x26e ./Drivers/STM32F4xx_HAL_Driver/Src/stm32f4xx_hal_spi.o
 .debug_abbrev  0x0000000000002b64      0x2f4 ./Drivers/STM32F4xx_HAL_Driver/Src/stm32f4xx_hal_uart.o
 .debug_abbrev  0x0000000000002e58      0x196 ./Drivers/STM32F4xx_HAL_Driver/Src/stm32f4xx_ll_fmc.o

.debug_aranges  0x0000000000000000     0x1418
 .debug_aranges
                0x0000000000000000      0x138 ./Core/Inc/stm32f429i_discovery.o
 .debug_aranges
                0x0000000000000138      0x1b8 ./Core/Inc/stm32f429i_discovery_lcd.o
 .debug_aranges
                0x00000000000002f0       0x60 ./Core/Inc/stm32f429i_discovery_sdram.o
 .debug_aranges
                0x0000000000000350       0x68 ./Core/Src/main.o
 .debug_aranges
                0x00000000000003b8       0x90 ./Core/Src/stm32f4xx_hal_msp.o
 .debug_aranges
                0x0000000000000448       0x60 ./Core/Src/stm32f4xx_it.o
 .debug_aranges
                0x00000000000004a8       0x28 ./Core/Src/system_stm32f4xx.o
 .debug_aranges
                0x00000000000004d0       0x28 ./Core/Startup/startup_stm32f429zitx.o
 .debug_aranges
                0x00000000000004f8      0x100 ./Drivers/STM32F4xx_HAL_Driver/Src/stm32f4xx_hal.o
 .debug_aranges
                0x00000000000005f8      0x118 ./Drivers/STM32F4xx_HAL_Driver/Src/stm32f4xx_hal_cortex.o
 .debug_aranges
                0x0000000000000710       0x90 ./Drivers/STM32F4xx_HAL_Driver/Src/stm32f4xx_hal_dma.o
 .debug_aranges
                0x00000000000007a0      0x118 ./Drivers/STM32F4xx_HAL_Driver/Src/stm32f4xx_hal_dma2d.o
 .debug_aranges
                0x00000000000008b8       0x58 ./Drivers/STM32F4xx_HAL_Driver/Src/stm32f4xx_hal_gpio.o
 .debug_aranges
                0x0000000000000910      0x2a0 ./Drivers/STM32F4xx_HAL_Driver/Src/stm32f4xx_hal_i2c.o
 .debug_aranges
                0x0000000000000bb0       0x28 ./Drivers/STM32F4xx_HAL_Driver/Src/stm32f4xx_hal_i2c_ex.o
 .debug_aranges
                0x0000000000000bd8      0x158 ./Drivers/STM32F4xx_HAL_Driver/Src/stm32f4xx_hal_ltdc.o
 .debug_aranges
                0x0000000000000d30       0x60 ./Drivers/STM32F4xx_HAL_Driver/Src/stm32f4xx_hal_pwr_ex.o
 .debug_aranges
                0x0000000000000d90       0x88 ./Drivers/STM32F4xx_HAL_Driver/Src/stm32f4xx_hal_rcc.o
 .debug_aranges
                0x0000000000000e18       0x58 ./Drivers/STM32F4xx_HAL_Driver/Src/stm32f4xx_hal_rcc_ex.o
 .debug_aranges
                0x0000000000000e70       0xe8 ./Drivers/STM32F4xx_HAL_Driver/Src/stm32f4xx_hal_sdram.o
 .debug_aranges
                0x0000000000000f58      0x1d0 ./Drivers/STM32F4xx_HAL_Driver/Src/stm32f4xx_hal_spi.o
 .debug_aranges
                0x0000000000001128      0x200 ./Drivers/STM32F4xx_HAL_Driver/Src/stm32f4xx_hal_uart.o
 .debug_aranges
                0x0000000000001328       0xf0 ./Drivers/STM32F4xx_HAL_Driver/Src/stm32f4xx_ll_fmc.o

.debug_ranges   0x0000000000000000     0x12f8
 .debug_ranges  0x0000000000000000      0x128 ./Core/Inc/stm32f429i_discovery.o
 .debug_ranges  0x0000000000000128      0x1a8 ./Core/Inc/stm32f429i_discovery_lcd.o
 .debug_ranges  0x00000000000002d0       0x50 ./Core/Inc/stm32f429i_discovery_sdram.o
 .debug_ranges  0x0000000000000320       0x58 ./Core/Src/main.o
 .debug_ranges  0x0000000000000378       0x80 ./Core/Src/stm32f4xx_hal_msp.o
 .debug_ranges  0x00000000000003f8       0x50 ./Core/Src/stm32f4xx_it.o
 .debug_ranges  0x0000000000000448       0x18 ./Core/Src/system_stm32f4xx.o
 .debug_ranges  0x0000000000000460       0x20 ./Core/Startup/startup_stm32f429zitx.o
 .debug_ranges  0x0000000000000480       0xf0 ./Drivers/STM32F4xx_HAL_Driver/Src/stm32f4xx_hal.o
 .debug_ranges  0x0000000000000570      0x108 ./Drivers/STM32F4xx_HAL_Driver/Src/stm32f4xx_hal_cortex.o
 .debug_ranges  0x0000000000000678       0x80 ./Drivers/STM32F4xx_HAL_Driver/Src/stm32f4xx_hal_dma.o
 .debug_ranges  0x00000000000006f8      0x108 ./Drivers/STM32F4xx_HAL_Driver/Src/stm32f4xx_hal_dma2d.o
 .debug_ranges  0x0000000000000800       0x48 ./Drivers/STM32F4xx_HAL_Driver/Src/stm32f4xx_hal_gpio.o
 .debug_ranges  0x0000000000000848      0x2a8 ./Drivers/STM32F4xx_HAL_Driver/Src/stm32f4xx_hal_i2c.o
 .debug_ranges  0x0000000000000af0       0x18 ./Drivers/STM32F4xx_HAL_Driver/Src/stm32f4xx_hal_i2c_ex.o
 .debug_ranges  0x0000000000000b08      0x148 ./Drivers/STM32F4xx_HAL_Driver/Src/stm32f4xx_hal_ltdc.o
 .debug_ranges  0x0000000000000c50       0x50 ./Drivers/STM32F4xx_HAL_Driver/Src/stm32f4xx_hal_pwr_ex.o
 .debug_ranges  0x0000000000000ca0       0x78 ./Drivers/STM32F4xx_HAL_Driver/Src/stm32f4xx_hal_rcc.o
 .debug_ranges  0x0000000000000d18       0x48 ./Drivers/STM32F4xx_HAL_Driver/Src/stm32f4xx_hal_rcc_ex.o
 .debug_ranges  0x0000000000000d60       0xd8 ./Drivers/STM32F4xx_HAL_Driver/Src/stm32f4xx_hal_sdram.o
 .debug_ranges  0x0000000000000e38      0x1c0 ./Drivers/STM32F4xx_HAL_Driver/Src/stm32f4xx_hal_spi.o
 .debug_ranges  0x0000000000000ff8      0x220 ./Drivers/STM32F4xx_HAL_Driver/Src/stm32f4xx_hal_uart.o
 .debug_ranges  0x0000000000001218       0xe0 ./Drivers/STM32F4xx_HAL_Driver/Src/stm32f4xx_ll_fmc.o

.debug_macro    0x0000000000000000    0x25267
 .debug_macro   0x0000000000000000      0x249 ./Core/Inc/stm32f429i_discovery.o
 .debug_macro   0x0000000000000249      0xa78 ./Core/Inc/stm32f429i_discovery.o
 .debug_macro   0x0000000000000cc1      0x2b3 ./Core/Inc/stm32f429i_discovery.o
 .debug_macro   0x0000000000000f74       0x2e ./Core/Inc/stm32f429i_discovery.o
 .debug_macro   0x0000000000000fa2       0x28 ./Core/Inc/stm32f429i_discovery.o
 .debug_macro   0x0000000000000fca       0x22 ./Core/Inc/stm32f429i_discovery.o
 .debug_macro   0x0000000000000fec       0x8e ./Core/Inc/stm32f429i_discovery.o
 .debug_macro   0x000000000000107a       0x51 ./Core/Inc/stm32f429i_discovery.o
 .debug_macro   0x00000000000010cb      0x103 ./Core/Inc/stm32f429i_discovery.o
 .debug_macro   0x00000000000011ce       0x6a ./Core/Inc/stm32f429i_discovery.o
 .debug_macro   0x0000000000001238      0x1df ./Core/Inc/stm32f429i_discovery.o
 .debug_macro   0x0000000000001417       0x1c ./Core/Inc/stm32f429i_discovery.o
 .debug_macro   0x0000000000001433       0x22 ./Core/Inc/stm32f429i_discovery.o
 .debug_macro   0x0000000000001455       0xd9 ./Core/Inc/stm32f429i_discovery.o
 .debug_macro   0x000000000000152e     0x102d ./Core/Inc/stm32f429i_discovery.o
 .debug_macro   0x000000000000255b      0x11f ./Core/Inc/stm32f429i_discovery.o
 .debug_macro   0x000000000000267a    0x17fc0 ./Core/Inc/stm32f429i_discovery.o
 .debug_macro   0x000000000001a63a       0x6d ./Core/Inc/stm32f429i_discovery.o
 .debug_macro   0x000000000001a6a7     0x36f5 ./Core/Inc/stm32f429i_discovery.o
 .debug_macro   0x000000000001dd9c      0x174 ./Core/Inc/stm32f429i_discovery.o
 .debug_macro   0x000000000001df10       0x5c ./Core/Inc/stm32f429i_discovery.o
 .debug_macro   0x000000000001df6c      0xca5 ./Core/Inc/stm32f429i_discovery.o
 .debug_macro   0x000000000001ec11      0x9fe ./Core/Inc/stm32f429i_discovery.o
 .debug_macro   0x000000000001f60f      0x115 ./Core/Inc/stm32f429i_discovery.o
 .debug_macro   0x000000000001f724      0x156 ./Core/Inc/stm32f429i_discovery.o
 .debug_macro   0x000000000001f87a       0xa5 ./Core/Inc/stm32f429i_discovery.o
 .debug_macro   0x000000000001f91f      0x182 ./Core/Inc/stm32f429i_discovery.o
 .debug_macro   0x000000000001faa1      0x287 ./Core/Inc/stm32f429i_discovery.o
 .debug_macro   0x000000000001fd28       0x5f ./Core/Inc/stm32f429i_discovery.o
 .debug_macro   0x000000000001fd87      0x236 ./Core/Inc/stm32f429i_discovery.o
 .debug_macro   0x000000000001ffbd      0x208 ./Core/Inc/stm32f429i_discovery.o
 .debug_macro   0x00000000000201c5      0x132 ./Core/Inc/stm32f429i_discovery.o
 .debug_macro   0x00000000000202f7      0x41d ./Core/Inc/stm32f429i_discovery.o
 .debug_macro   0x0000000000020714       0x2e ./Core/Inc/stm32f429i_discovery.o
 .debug_macro   0x0000000000020742      0x556 ./Core/Inc/stm32f429i_discovery.o
 .debug_macro   0x0000000000020c98      0x1b5 ./Core/Inc/stm32f429i_discovery.o
 .debug_macro   0x0000000000020e4d       0x22 ./Core/Inc/stm32f429i_discovery.o
 .debug_macro   0x0000000000020e6f       0xd6 ./Core/Inc/stm32f429i_discovery.o
 .debug_macro   0x0000000000020f45      0x198 ./Core/Inc/stm32f429i_discovery.o
 .debug_macro   0x00000000000210dd       0xd6 ./Core/Inc/stm32f429i_discovery.o
 .debug_macro   0x00000000000211b3      0x11a ./Core/Inc/stm32f429i_discovery.o
 .debug_macro   0x00000000000212cd       0xe2 ./Core/Inc/stm32f429i_discovery.o
 .debug_macro   0x00000000000213af       0x89 ./Core/Inc/stm32f429i_discovery.o
 .debug_macro   0x0000000000021438      0x225 ./Core/Inc/stm32f429i_discovery.o
 .debug_macro   0x000000000002165d      0x295 ./Core/Inc/stm32f429i_discovery.o
 .debug_macro   0x00000000000218f2      0x134 ./Core/Inc/stm32f429i_discovery.o
 .debug_macro   0x0000000000021a26      0x25f ./Core/Inc/stm32f429i_discovery.o
 .debug_macro   0x0000000000021c85      0x29b ./Core/Inc/stm32f429i_discovery_lcd.o
 .debug_macro   0x0000000000021f20       0x9f ./Core/Inc/stm32f429i_discovery_lcd.o
 .debug_macro   0x0000000000021fbf       0x10 ./Core/Inc/stm32f429i_discovery_lcd.o
 .debug_macro   0x0000000000021fcf      0x26d ./Core/Inc/stm32f429i_discovery_lcd.o
 .debug_macro   0x000000000002223c      0x115 ./Core/Inc/stm32f429i_discovery_lcd.o
 .debug_macro   0x0000000000022351      0x23a ./Core/Inc/stm32f429i_discovery_sdram.o
 .debug_macro   0x000000000002258b       0x99 ./Core/Inc/stm32f429i_discovery_sdram.o
 .debug_macro   0x0000000000022624      0x269 ./Core/Src/main.o
 .debug_macro   0x000000000002288d      0x265 ./Core/Src/main.o
 .debug_macro   0x0000000000022af2      0x226 ./Core/Src/stm32f4xx_hal_msp.o
 .debug_macro   0x0000000000022d18      0x230 ./Core/Src/stm32f4xx_it.o
 .debug_macro   0x0000000000022f48      0x21c ./Core/Src/system_stm32f4xx.o
 .debug_macro   0x0000000000023164      0x27c ./Drivers/STM32F4xx_HAL_Driver/Src/stm32f4xx_hal.o
 .debug_macro   0x00000000000233e0      0x21c ./Drivers/STM32F4xx_HAL_Driver/Src/stm32f4xx_hal_cortex.o
 .debug_macro   0x00000000000235fc      0x222 ./Drivers/STM32F4xx_HAL_Driver/Src/stm32f4xx_hal_dma.o
 .debug_macro   0x000000000002381e      0x22b ./Drivers/STM32F4xx_HAL_Driver/Src/stm32f4xx_hal_dma2d.o
 .debug_macro   0x0000000000023a49      0x222 ./Drivers/STM32F4xx_HAL_Driver/Src/stm32f4xx_hal_gpio.o
 .debug_macro   0x0000000000023c6b      0x263 ./Drivers/STM32F4xx_HAL_Driver/Src/stm32f4xx_hal_i2c.o
 .debug_macro   0x0000000000023ece      0x21c ./Drivers/STM32F4xx_HAL_Driver/Src/stm32f4xx_hal_i2c_ex.o
 .debug_macro   0x00000000000240ea      0x224 ./Drivers/STM32F4xx_HAL_Driver/Src/stm32f4xx_hal_ltdc.o
 .debug_macro   0x000000000002430e      0x234 ./Drivers/STM32F4xx_HAL_Driver/Src/stm32f4xx_hal_pwr_ex.o
 .debug_macro   0x0000000000024542      0x240 ./Drivers/STM32F4xx_HAL_Driver/Src/stm32f4xx_hal_rcc.o
 .debug_macro   0x0000000000024782      0x21c ./Drivers/STM32F4xx_HAL_Driver/Src/stm32f4xx_hal_rcc_ex.o
 .debug_macro   0x000000000002499e      0x21c ./Drivers/STM32F4xx_HAL_Driver/Src/stm32f4xx_hal_sdram.o
 .debug_macro   0x0000000000024bba      0x22b ./Drivers/STM32F4xx_HAL_Driver/Src/stm32f4xx_hal_spi.o
 .debug_macro   0x0000000000024de5      0x21d ./Drivers/STM32F4xx_HAL_Driver/Src/stm32f4xx_hal_uart.o
 .debug_macro   0x0000000000025002      0x265 ./Drivers/STM32F4xx_HAL_Driver/Src/stm32f4xx_ll_fmc.o

.debug_line     0x0000000000000000    0x174b3
 .debug_line    0x0000000000000000      0xc35 ./Core/Inc/stm32f429i_discovery.o
 .debug_line    0x0000000000000c35     0x1760 ./Core/Inc/stm32f429i_discovery_lcd.o
 .debug_line    0x0000000000002395      0x8ca ./Core/Inc/stm32f429i_discovery_sdram.o
 .debug_line    0x0000000000002c5f      0xb45 ./Core/Src/main.o
 .debug_line    0x00000000000037a4      0xa4c ./Core/Src/stm32f4xx_hal_msp.o
 .debug_line    0x00000000000041f0      0x80c ./Core/Src/stm32f4xx_it.o
 .debug_line    0x00000000000049fc      0x7cb ./Core/Src/system_stm32f4xx.o
 .debug_line    0x00000000000051c7       0x88 ./Core/Startup/startup_stm32f429zitx.o
 .debug_line    0x000000000000524f      0xa67 ./Drivers/STM32F4xx_HAL_Driver/Src/stm32f4xx_hal.o
 .debug_line    0x0000000000005cb6      0xce0 ./Drivers/STM32F4xx_HAL_Driver/Src/stm32f4xx_hal_cortex.o
 .debug_line    0x0000000000006996      0xf95 ./Drivers/STM32F4xx_HAL_Driver/Src/stm32f4xx_hal_dma.o
 .debug_line    0x000000000000792b     0x11e9 ./Drivers/STM32F4xx_HAL_Driver/Src/stm32f4xx_hal_dma2d.o
 .debug_line    0x0000000000008b14      0xbcd ./Drivers/STM32F4xx_HAL_Driver/Src/stm32f4xx_hal_gpio.o
 .debug_line    0x00000000000096e1     0x39e6 ./Drivers/STM32F4xx_HAL_Driver/Src/stm32f4xx_hal_i2c.o
 .debug_line    0x000000000000d0c7      0x7c4 ./Drivers/STM32F4xx_HAL_Driver/Src/stm32f4xx_hal_i2c_ex.o
 .debug_line    0x000000000000d88b     0x1764 ./Drivers/STM32F4xx_HAL_Driver/Src/stm32f4xx_hal_ltdc.o
 .debug_line    0x000000000000efef      0x960 ./Drivers/STM32F4xx_HAL_Driver/Src/stm32f4xx_hal_pwr_ex.o
 .debug_line    0x000000000000f94f      0xdad ./Drivers/STM32F4xx_HAL_Driver/Src/stm32f4xx_hal_rcc.o
 .debug_line    0x00000000000106fc      0xc02 ./Drivers/STM32F4xx_HAL_Driver/Src/stm32f4xx_hal_rcc_ex.o
 .debug_line    0x00000000000112fe      0xe31 ./Drivers/STM32F4xx_HAL_Driver/Src/stm32f4xx_hal_sdram.o
 .debug_line    0x000000000001212f     0x1cbb ./Drivers/STM32F4xx_HAL_Driver/Src/stm32f4xx_hal_spi.o
 .debug_line    0x0000000000013dea     0x2ad6 ./Drivers/STM32F4xx_HAL_Driver/Src/stm32f4xx_hal_uart.o
 .debug_line    0x00000000000168c0      0xbf3 ./Drivers/STM32F4xx_HAL_Driver/Src/stm32f4xx_ll_fmc.o

.debug_str      0x0000000000000000    0xdc545
 .debug_str     0x0000000000000000    0xd6042 ./Core/Inc/stm32f429i_discovery.o
                                      0xd640a (size before relaxing)
 .debug_str     0x00000000000d6042     0x1eb7 ./Core/Inc/stm32f429i_discovery_lcd.o
                                      0xd72b6 (size before relaxing)
 .debug_str     0x00000000000d7ef9      0x44e ./Core/Inc/stm32f429i_discovery_sdram.o
                                      0xd627f (size before relaxing)
 .debug_str     0x00000000000d8347      0x3be ./Core/Src/main.o
                                      0xd7405 (size before relaxing)
 .debug_str     0x00000000000d8705      0x15e ./Core/Src/stm32f4xx_hal_msp.o
                                      0xd5326 (size before relaxing)
 .debug_str     0x00000000000d8863       0xc9 ./Core/Src/stm32f4xx_it.o
                                      0xd419f (size before relaxing)
 .debug_str     0x00000000000d892c       0xdb ./Core/Src/system_stm32f4xx.o
                                      0xd42dc (size before relaxing)
 .debug_str     0x00000000000d8a07       0x36 ./Core/Startup/startup_stm32f429zitx.o
                                         0x71 (size before relaxing)
 .debug_str     0x00000000000d8a3d      0x63e ./Drivers/STM32F4xx_HAL_Driver/Src/stm32f4xx_hal.o
                                      0xd4eff (size before relaxing)
 .debug_str     0x00000000000d907b      0x330 ./Drivers/STM32F4xx_HAL_Driver/Src/stm32f4xx_hal_cortex.o
                                      0xd4be4 (size before relaxing)
 .debug_str     0x00000000000d93ab      0x2e1 ./Drivers/STM32F4xx_HAL_Driver/Src/stm32f4xx_hal_dma.o
                                      0xd46e3 (size before relaxing)
 .debug_str     0x00000000000d968c      0x357 ./Drivers/STM32F4xx_HAL_Driver/Src/stm32f4xx_hal_dma2d.o
                                      0xd48b8 (size before relaxing)
 .debug_str     0x00000000000d99e3       0xfd ./Drivers/STM32F4xx_HAL_Driver/Src/stm32f4xx_hal_gpio.o
                                      0xd4457 (size before relaxing)
 .debug_str     0x00000000000d9ae0      0xa69 ./Drivers/STM32F4xx_HAL_Driver/Src/stm32f4xx_hal_i2c.o
                                      0xd5299 (size before relaxing)
 .debug_str     0x00000000000da549       0x3b ./Drivers/STM32F4xx_HAL_Driver/Src/stm32f4xx_hal_i2c_ex.o
                                      0xd46ab (size before relaxing)
 .debug_str     0x00000000000da584      0x352 ./Drivers/STM32F4xx_HAL_Driver/Src/stm32f4xx_hal_ltdc.o
                                      0xd4940 (size before relaxing)
 .debug_str     0x00000000000da8d6      0x135 ./Drivers/STM32F4xx_HAL_Driver/Src/stm32f4xx_hal_pwr_ex.o
                                      0xd44b4 (size before relaxing)
 .debug_str     0x00000000000daa0b      0x213 ./Drivers/STM32F4xx_HAL_Driver/Src/stm32f4xx_hal_rcc.o
                                      0xd4710 (size before relaxing)
 .debug_str     0x00000000000dac1e      0x12b ./Drivers/STM32F4xx_HAL_Driver/Src/stm32f4xx_hal_rcc_ex.o
                                      0xd44d7 (size before relaxing)
 .debug_str     0x00000000000dad49      0x2e0 ./Drivers/STM32F4xx_HAL_Driver/Src/stm32f4xx_hal_sdram.o
                                      0xd49fc (size before relaxing)
 .debug_str     0x00000000000db029      0x4f9 ./Drivers/STM32F4xx_HAL_Driver/Src/stm32f4xx_hal_spi.o
                                      0xd4b8d (size before relaxing)
 .debug_str     0x00000000000db522      0x5eb ./Drivers/STM32F4xx_HAL_Driver/Src/stm32f4xx_hal_uart.o
                                      0xd4c9c (size before relaxing)
 .debug_str     0x00000000000dbb0d      0xa38 ./Drivers/STM32F4xx_HAL_Driver/Src/stm32f4xx_ll_fmc.o
                                      0xd4ec6 (size before relaxing)

.comment        0x0000000000000000       0x50
 .comment       0x0000000000000000       0x50 ./Core/Inc/stm32f429i_discovery.o
                                         0x51 (size before relaxing)
 .comment       0x0000000000000050       0x51 ./Core/Inc/stm32f429i_discovery_lcd.o
 .comment       0x0000000000000050       0x51 ./Core/Inc/stm32f429i_discovery_sdram.o
 .comment       0x0000000000000050       0x51 ./Core/Src/main.o
 .comment       0x0000000000000050       0x51 ./Core/Src/stm32f4xx_hal_msp.o
 .comment       0x0000000000000050       0x51 ./Core/Src/stm32f4xx_it.o
 .comment       0x0000000000000050       0x51 ./Core/Src/system_stm32f4xx.o
 .comment       0x0000000000000050       0x51 ./Drivers/STM32F4xx_HAL_Driver/Src/stm32f4xx_hal.o
 .comment       0x0000000000000050       0x51 ./Drivers/STM32F4xx_HAL_Driver/Src/stm32f4xx_hal_cortex.o
 .comment       0x0000000000000050       0x51 ./Drivers/STM32F4xx_HAL_Driver/Src/stm32f4xx_hal_dma.o
 .comment       0x0000000000000050       0x51 ./Drivers/STM32F4xx_HAL_Driver/Src/stm32f4xx_hal_dma2d.o
 .comment       0x0000000000000050       0x51 ./Drivers/STM32F4xx_HAL_Driver/Src/stm32f4xx_hal_gpio.o
 .comment       0x0000000000000050       0x51 ./Drivers/STM32F4xx_HAL_Driver/Src/stm32f4xx_hal_i2c.o
 .comment       0x0000000000000050       0x51 ./Drivers/STM32F4xx_HAL_Driver/Src/stm32f4xx_hal_i2c_ex.o
 .comment       0x0000000000000050       0x51 ./Drivers/STM32F4xx_HAL_Driver/Src/stm32f4xx_hal_ltdc.o
 .comment       0x0000000000000050       0x51 ./Drivers/STM32F4xx_HAL_Driver/Src/stm32f4xx_hal_pwr_ex.o
 .comment       0x0000000000000050       0x51 ./Drivers/STM32F4xx_HAL_Driver/Src/stm32f4xx_hal_rcc.o
 .comment       0x0000000000000050       0x51 ./Drivers/STM32F4xx_HAL_Driver/Src/stm32f4xx_hal_rcc_ex.o
 .comment       0x0000000000000050       0x51 ./Drivers/STM32F4xx_HAL_Driver/Src/stm32f4xx_hal_sdram.o
 .comment       0x0000000000000050       0x51 ./Drivers/STM32F4xx_HAL_Driver/Src/stm32f4xx_hal_spi.o
 .comment       0x0000000000000050       0x51 ./Drivers/STM32F4xx_HAL_Driver/Src/stm32f4xx_hal_uart.o
 .comment       0x0000000000000050       0x51 ./Drivers/STM32F4xx_HAL_Driver/Src/stm32f4xx_ll_fmc.o

.debug_frame    0x0000000000000000     0x54bc
 .debug_frame   0x0000000000000000      0x4ec ./Core/Inc/stm32f429i_discovery.o
 .debug_frame   0x00000000000004ec      0x774 ./Core/Inc/stm32f429i_discovery_lcd.o
 .debug_frame   0x0000000000000c60      0x144 ./Core/Inc/stm32f429i_discovery_sdram.o
 .debug_frame   0x0000000000000da4      0x148 ./Core/Src/main.o
 .debug_frame   0x0000000000000eec      0x234 ./Core/Src/stm32f4xx_hal_msp.o
 .debug_frame   0x0000000000001120      0x104 ./Core/Src/stm32f4xx_it.o
 .debug_frame   0x0000000000001224       0x58 ./Core/Src/system_stm32f4xx.o
 .debug_frame   0x000000000000127c      0x3b4 ./Drivers/STM32F4xx_HAL_Driver/Src/stm32f4xx_hal.o
 .debug_frame   0x0000000000001630      0x498 ./Drivers/STM32F4xx_HAL_Driver/Src/stm32f4xx_hal_cortex.o
 .debug_frame   0x0000000000001ac8      0x250 ./Drivers/STM32F4xx_HAL_Driver/Src/stm32f4xx_hal_dma.o
 .debug_frame   0x0000000000001d18      0x4e0 ./Drivers/STM32F4xx_HAL_Driver/Src/stm32f4xx_hal_dma2d.o
 .debug_frame   0x00000000000021f8      0x14c ./Drivers/STM32F4xx_HAL_Driver/Src/stm32f4xx_hal_gpio.o
 .debug_frame   0x0000000000002344      0xc5c ./Drivers/STM32F4xx_HAL_Driver/Src/stm32f4xx_hal_i2c.o
 .debug_frame   0x0000000000002fa0       0x60 ./Drivers/STM32F4xx_HAL_Driver/Src/stm32f4xx_hal_i2c_ex.o
 .debug_frame   0x0000000000003000      0x61c ./Drivers/STM32F4xx_HAL_Driver/Src/stm32f4xx_hal_ltdc.o
 .debug_frame   0x000000000000361c      0x14c ./Drivers/STM32F4xx_HAL_Driver/Src/stm32f4xx_hal_pwr_ex.o
 .debug_frame   0x0000000000003768      0x1f4 ./Drivers/STM32F4xx_HAL_Driver/Src/stm32f4xx_hal_rcc.o
 .debug_frame   0x000000000000395c      0x13c ./Drivers/STM32F4xx_HAL_Driver/Src/stm32f4xx_hal_rcc_ex.o
 .debug_frame   0x0000000000003a98      0x3e8 ./Drivers/STM32F4xx_HAL_Driver/Src/stm32f4xx_hal_sdram.o
 .debug_frame   0x0000000000003e80      0x824 ./Drivers/STM32F4xx_HAL_Driver/Src/stm32f4xx_hal_spi.o
 .debug_frame   0x00000000000046a4      0x92c ./Drivers/STM32F4xx_HAL_Driver/Src/stm32f4xx_hal_uart.o
 .debug_frame   0x0000000000004fd0      0x440 ./Drivers/STM32F4xx_HAL_Driver/Src/stm32f4xx_ll_fmc.o
 .debug_frame   0x0000000000005410       0x2c c:/st/stm32cubeide_1.9.0/stm32cubeide/plugins/com.st.stm32cube.ide.mcu.externaltools.gnu-tools-for-stm32.10.3-2021.10.win32_1.0.0.202111181127/tools/bin/../lib/gcc/arm-none-eabi/10.3.1/../../../../arm-none-eabi/lib/thumb/v7e-m+fp/hard\libc_nano.a(lib_a-init.o)
 .debug_frame   0x000000000000543c       0x20 c:/st/stm32cubeide_1.9.0/stm32cubeide/plugins/com.st.stm32cube.ide.mcu.externaltools.gnu-tools-for-stm32.10.3-2021.10.win32_1.0.0.202111181127/tools/bin/../lib/gcc/arm-none-eabi/10.3.1/../../../../arm-none-eabi/lib/thumb/v7e-m+fp/hard\libc_nano.a(lib_a-memset.o)
 .debug_frame   0x000000000000545c       0x2c c:/st/stm32cubeide_1.9.0/stm32cubeide/plugins/com.st.stm32cube.ide.mcu.externaltools.gnu-tools-for-stm32.10.3-2021.10.win32_1.0.0.202111181127/tools/bin/../lib/gcc/arm-none-eabi/10.3.1/thumb/v7e-m+fp/hard\libgcc.a(_aeabi_uldivmod.o)
 .debug_frame   0x0000000000005488       0x34 c:/st/stm32cubeide_1.9.0/stm32cubeide/plugins/com.st.stm32cube.ide.mcu.externaltools.gnu-tools-for-stm32.10.3-2021.10.win32_1.0.0.202111181127/tools/bin/../lib/gcc/arm-none-eabi/10.3.1/thumb/v7e-m+fp/hard\libgcc.a(_udivmoddi4.o)
