../Core/Src/main.c:81:5:main	8	static
../Core/Src/main.c:145:6:SystemClock_Config	88	static
../Core/Src/main.c:198:13:MX_DMA2D_Init	8	static
../Core/Src/main.c:235:13:MX_I2C3_Init	8	static
../Core/Src/main.c:283:13:MX_LTDC_Init	112	static
../Core/Src/main.c:365:13:MX_SPI5_Init	8	static
../Core/Src/main.c:403:13:MX_USART1_UART_Init	8	static
../Core/Src/main.c:432:13:MX_FMC_Init	40	static
../Core/Src/main.c:483:13:MX_GPIO_Init	40	static
../Core/Src/main.c:506:6:Error_Handler	4	static,ignoring_inline_asm
