../Core/Inc/stm32f429i_discovery_sdram.c:102:6:BSP_SDRAM_Init	8	static
../Core/Inc/stm32f429i_discovery_sdram.c:152:6:BSP_SDRAM_Initialization_sequence	24	static
../Core/Inc/stm32f429i_discovery_sdram.c:214:6:BSP_SDRAM_ReadData	24	static
../Core/Inc/stm32f429i_discovery_sdram.c:226:6:BSP_SDRAM_ReadData_DMA	24	static
../Core/Inc/stm32f429i_discovery_sdram.c:238:6:BSP_SDRAM_WriteData	24	static
../Core/Inc/stm32f429i_discovery_sdram.c:254:6:BSP_SDRAM_WriteData_DMA	24	static
../Core/Inc/stm32f429i_discovery_sdram.c:264:19:BSP_SDRAM_Sendcmd	16	static
../Core/Inc/stm32f429i_discovery_sdram.c:274:6:BSP_SDRAM_DMA_IRQHandler	8	static
../Core/Inc/stm32f429i_discovery_sdram.c:284:13:MspInit	64	static
