../Core/Inc/stm32f429i_discovery.c:181:10:BSP_GetVersion	4	static
../Core/Inc/stm32f429i_discovery.c:194:6:BSP_LED_Init	48	static
../Core/Inc/stm32f429i_discovery.c:220:6:BSP_LED_On	16	static
../Core/Inc/stm32f429i_discovery.c:233:6:BSP_LED_Off	16	static
../Core/Inc/stm32f429i_discovery.c:246:6:BSP_LED_Toggle	16	static
../Core/Inc/stm32f429i_discovery.c:262:6:BSP_PB_Init	40	static
../Core/Inc/stm32f429i_discovery.c:299:10:BSP_PB_GetState	16	static
../Core/Inc/stm32f429i_discovery.c:315:13:I2Cx_MspInit	48	static
../Core/Inc/stm32f429i_discovery.c:431:13:I2Cx_Init	8	static
../Core/Inc/stm32f429i_discovery.c:456:13:I2Cx_ITConfig	32	static
../Core/Inc/stm32f429i_discovery.c:481:13:I2Cx_WriteData	40	static
../Core/Inc/stm32f429i_discovery.c:503:13:I2Cx_WriteBuffer	40	static
../Core/Inc/stm32f429i_discovery.c:523:16:I2Cx_ReadData	40	static
../Core/Inc/stm32f429i_discovery.c:548:16:I2Cx_ReadBuffer	40	static
../Core/Inc/stm32f429i_discovery.c:635:13:I2Cx_Error	8	static
../Core/Inc/stm32f429i_discovery.c:651:13:SPIx_Init	8	static
../Core/Inc/stm32f429i_discovery.c:689:17:SPIx_Read	24	static
../Core/Inc/stm32f429i_discovery.c:711:13:SPIx_Write	24	static
../Core/Inc/stm32f429i_discovery.c:731:16:SPIx_WriteRead	32	static
../Core/Inc/stm32f429i_discovery.c:750:13:SPIx_Error	8	static
../Core/Inc/stm32f429i_discovery.c:764:13:SPIx_MspInit	48	static
../Core/Inc/stm32f429i_discovery.c:790:6:LCD_IO_Init	40	static
../Core/Inc/stm32f429i_discovery.c:836:6:LCD_IO_WriteData	16	static
../Core/Inc/stm32f429i_discovery.c:854:6:LCD_IO_WriteReg	16	static
../Core/Inc/stm32f429i_discovery.c:873:10:LCD_IO_ReadData	24	static
../Core/Inc/stm32f429i_discovery.c:901:6:LCD_Delay	16	static
../Core/Inc/stm32f429i_discovery.c:917:6:IOE_Init	8	static
../Core/Inc/stm32f429i_discovery.c:927:6:IOE_ITConfig	8	static
../Core/Inc/stm32f429i_discovery.c:939:6:IOE_Write	16	static
../Core/Inc/stm32f429i_discovery.c:950:9:IOE_Read	16	static
../Core/Inc/stm32f429i_discovery.c:963:6:IOE_WriteMultiple	16	static
../Core/Inc/stm32f429i_discovery.c:976:10:IOE_ReadMultiple	16	static
../Core/Inc/stm32f429i_discovery.c:986:6:IOE_Delay	16	static
../Core/Inc/stm32f429i_discovery.c:998:6:GYRO_IO_Init	40	static
../Core/Inc/stm32f429i_discovery.c:1032:6:GYRO_IO_Write	16	static
../Core/Inc/stm32f429i_discovery.c:1067:6:GYRO_IO_Read	16	static
