../Drivers/STM32F4xx_HAL_Driver/Inc/../../../BSP/ili9341/ili9341.c:119:6:ili9341_Init	8	static
../Drivers/STM32F4xx_HAL_Driver/Inc/../../../BSP/ili9341/ili9341.c:248:10:ili9341_ReadID	8	static
../Drivers/STM32F4xx_HAL_Driver/Inc/../../../BSP/ili9341/ili9341.c:259:6:ili9341_DisplayOn	8	static
../Drivers/STM32F4xx_HAL_Driver/Inc/../../../BSP/ili9341/ili9341.c:270:6:ili9341_DisplayOff	8	static
../Drivers/STM32F4xx_HAL_Driver/Inc/../../../BSP/ili9341/ili9341.c:281:6:ili9341_WriteReg	16	static
../Drivers/STM32F4xx_HAL_Driver/Inc/../../../BSP/ili9341/ili9341.c:291:6:ili9341_WriteData	16	static
../Drivers/STM32F4xx_HAL_Driver/Inc/../../../BSP/ili9341/ili9341.c:302:10:ili9341_ReadData	16	static
../Drivers/STM32F4xx_HAL_Driver/Inc/../../../BSP/ili9341/ili9341.c:313:10:ili9341_GetLcdPixelWidth	4	static
../Drivers/STM32F4xx_HAL_Driver/Inc/../../../BSP/ili9341/ili9341.c:324:10:ili9341_GetLcdPixelHeight	4	static
../Core/Inc/stm32f429i_discovery_lcd.c:158:9:BSP_LCD_Init	8	static
../Core/Inc/stm32f429i_discovery_lcd.c:242:10:BSP_LCD_GetXSize	8	static
../Core/Inc/stm32f429i_discovery_lcd.c:252:10:BSP_LCD_GetYSize	8	static
../Core/Inc/stm32f429i_discovery_lcd.c:263:6:BSP_LCD_LayerDefaultInit	72	static
../Core/Inc/stm32f429i_discovery_lcd.c:299:6:BSP_LCD_SelectLayer	16	static
../Core/Inc/stm32f429i_discovery_lcd.c:311:6:BSP_LCD_SetLayerVisible	16	static
../Core/Inc/stm32f429i_discovery_lcd.c:331:6:BSP_LCD_SetTransparency	16	static
../Core/Inc/stm32f429i_discovery_lcd.c:342:6:BSP_LCD_SetLayerAddress	16	static
../Core/Inc/stm32f429i_discovery_lcd.c:356:6:BSP_LCD_SetLayerWindow	24	static
../Core/Inc/stm32f429i_discovery_lcd.c:371:6:BSP_LCD_SetColorKeying	16	static
../Core/Inc/stm32f429i_discovery_lcd.c:383:6:BSP_LCD_ResetColorKeying	16	static
../Core/Inc/stm32f429i_discovery_lcd.c:394:10:BSP_LCD_GetTextColor	4	static
../Core/Inc/stm32f429i_discovery_lcd.c:404:10:BSP_LCD_GetBackColor	4	static
../Core/Inc/stm32f429i_discovery_lcd.c:414:6:BSP_LCD_SetTextColor	16	static
../Core/Inc/stm32f429i_discovery_lcd.c:424:6:BSP_LCD_SetBackColor	16	static
../Core/Inc/stm32f429i_discovery_lcd.c:434:6:BSP_LCD_SetFont	16	static
../Core/Inc/stm32f429i_discovery_lcd.c:444:8:BSP_LCD_GetFont	4	static
../Core/Inc/stm32f429i_discovery_lcd.c:455:10:BSP_LCD_ReadPixel	32	static
../Core/Inc/stm32f429i_discovery_lcd.c:490:6:BSP_LCD_Clear	40	static
../Core/Inc/stm32f429i_discovery_lcd.c:501:6:BSP_LCD_ClearStringLine	32	static
../Core/Inc/stm32f429i_discovery_lcd.c:520:6:BSP_LCD_DisplayChar	24	static
../Core/Inc/stm32f429i_discovery_lcd.c:538:6:BSP_LCD_DisplayStringAt	48	static
../Core/Inc/stm32f429i_discovery_lcd.c:593:6:BSP_LCD_DisplayStringAtLine	16	static
../Core/Inc/stm32f429i_discovery_lcd.c:605:6:BSP_LCD_DrawHLine	40	static
../Core/Inc/stm32f429i_discovery_lcd.c:623:6:BSP_LCD_DrawVLine	48	static
../Core/Inc/stm32f429i_discovery_lcd.c:642:6:BSP_LCD_DrawLine	56	static
../Core/Inc/stm32f429i_discovery_lcd.c:717:6:BSP_LCD_DrawRect	24	static
../Core/Inc/stm32f429i_discovery_lcd.c:735:6:BSP_LCD_DrawCircle	40	static
../Core/Inc/stm32f429i_discovery_lcd.c:775:6:BSP_LCD_DrawPolygon	32	static
../Core/Inc/stm32f429i_discovery_lcd.c:803:6:BSP_LCD_DrawEllipse	64	static
../Core/Inc/stm32f429i_discovery_lcd.c:836:6:BSP_LCD_DrawBitmap	56	static
../Core/Inc/stm32f429i_discovery_lcd.c:897:6:BSP_LCD_FillRect	48	static
../Core/Inc/stm32f429i_discovery_lcd.c:918:6:BSP_LCD_FillCircle	32	static
../Core/Inc/stm32f429i_discovery_lcd.c:970:6:BSP_LCD_FillTriangle	56	static
../Core/Inc/stm32f429i_discovery_lcd.c:1044:6:BSP_LCD_FillPolygon	64	static
../Core/Inc/stm32f429i_discovery_lcd.c:1113:6:BSP_LCD_FillEllipse	56	static
../Core/Inc/stm32f429i_discovery_lcd.c:1143:6:BSP_LCD_DisplayOn	8	static
../Core/Inc/stm32f429i_discovery_lcd.c:1156:6:BSP_LCD_DisplayOff	8	static
../Core/Inc/stm32f429i_discovery_lcd.c:1173:13:MspInit	64	static
../Core/Inc/stm32f429i_discovery_lcd.c:1258:6:BSP_LCD_DrawPixel	24	static
../Core/Inc/stm32f429i_discovery_lcd.c:1271:13:DrawChar	40	static
../Core/Inc/stm32f429i_discovery_lcd.c:1329:13:FillBuffer	32	static
../Core/Inc/stm32f429i_discovery_lcd.c:1361:13:ConvertLineToARGB8888	32	static
